2026-08-06 13:58:00,483 [swing_model.indicator_pipeline] INFO — [post_close] Fetching OHLCV for: ['NVDA', 'AMD', 'AVGO', 'TSM', 'MU', 'ASML', 'SMH']
2026-08-06 13:58:00,845 [swing_model.indicator_pipeline] INFO — NVDA: indicators computed (close=218.99, rsi=61.4, atr=7.77)
2026-08-06 13:58:00,850 [swing_model.indicator_pipeline] INFO — AMD: indicators computed (close=489.28, rsi=47.8, atr=39.45)
2026-08-06 13:58:00,856 [swing_model.indicator_pipeline] INFO — AVGO: indicators computed (close=420.57, rsi=62.6, atr=17.05)
2026-08-06 13:58:00,862 [swing_model.indicator_pipeline] INFO — TSM: indicators computed (close=418.20, rsi=51.5, atr=17.51)
2026-08-06 13:58:00,869 [swing_model.indicator_pipeline] INFO — MU: indicators computed (close=881.47, rsi=47.9, atr=84.95)
2026-08-06 13:58:00,874 [swing_model.indicator_pipeline] INFO — ASML: indicators computed (close=1704.37, rsi=49.1, atr=81.86)
2026-08-06 13:58:01,217 [swing_model.indicator_pipeline] INFO — Loading cached fundamental data (last_updated: 2026-08-06T12:30:24.638089+00:00)
2026-08-06 13:58:01,224 [swing_model.indicator_pipeline] INFO — Loading cached positioning data (last_updated: 2026-08-06T12:30:27.874049+00:00)
2026-08-06 13:58:01,224 [swing_model.indicator_pipeline] INFO — Pipeline complete: 6/6 tickers processed successfully.
2026-08-06 13:58:01,224 [swing_model.indicator_pipeline] INFO — [post_close] Fetching OHLCV for: ['ZION', 'KEY', 'HBAN', 'RF', 'FITB', 'KRE']
2026-08-06 13:58:01,420 [swing_model.indicator_pipeline] INFO — ZION: indicators computed (close=70.58, rsi=54.2, atr=1.54)
2026-08-06 13:58:01,425 [swing_model.indicator_pipeline] INFO — KEY: indicators computed (close=22.66, rsi=47.4, atr=0.47)
2026-08-06 13:58:01,433 [swing_model.indicator_pipeline] INFO — HBAN: indicators computed (close=17.36, rsi=48.1, atr=0.39)
2026-08-06 13:58:01,439 [swing_model.indicator_pipeline] INFO — RF: indicators computed (close=31.39, rsi=56.4, atr=0.63)
2026-08-06 13:58:01,445 [swing_model.indicator_pipeline] INFO — FITB: indicators computed (close=56.96, rsi=52.4, atr=1.28)
2026-08-06 13:58:01,774 [swing_model.indicator_pipeline] INFO — Loading cached fundamental data (last_updated: 2026-08-06T12:30:24.638089+00:00)
2026-08-06 13:58:01,782 [swing_model.indicator_pipeline] INFO — Loading cached positioning data (last_updated: 2026-08-06T12:30:27.874049+00:00)
2026-08-06 13:58:01,783 [swing_model.indicator_pipeline] INFO — Pipeline complete: 5/5 tickers processed successfully.
2026-08-06 13:58:01,783 [swing_model.indicator_pipeline] INFO — [post_close] Fetching OHLCV for: ['LLY', 'PFE', 'MRK', 'ABBV', 'UNH', 'JNJ', 'XLV']
2026-08-06 13:58:01,998 [swing_model.indicator_pipeline] INFO — LLY: indicators computed (close=1191.94, rsi=54.9, atr=42.79)
2026-08-06 13:58:02,004 [swing_model.indicator_pipeline] INFO — PFE: indicators computed (close=26.20, rsi=70.4, atr=0.52)
2026-08-06 13:58:02,009 [swing_model.indicator_pipeline] INFO — MRK: indicators computed (close=128.37, rsi=54.0, atr=3.41)
2026-08-06 13:58:02,015 [swing_model.indicator_pipeline] INFO — ABBV: indicators computed (close=243.87, rsi=45.1, atr=6.87)
2026-08-06 13:58:02,020 [swing_model.indicator_pipeline] INFO — UNH: indicators computed (close=403.97, rsi=41.8, atr=12.24)
2026-08-06 13:58:02,026 [swing_model.indicator_pipeline] INFO — JNJ: indicators computed (close=256.98, rsi=52.9, atr=6.26)
2026-08-06 13:58:02,812 [swing_model.indicator_pipeline] INFO — Loading cached fundamental data (last_updated: 2026-08-06T12:30:24.638089+00:00)
2026-08-06 13:58:02,819 [swing_model.indicator_pipeline] INFO — Loading cached positioning data (last_updated: 2026-08-06T12:30:27.874049+00:00)
2026-08-06 13:58:02,819 [swing_model.indicator_pipeline] INFO — Pipeline complete: 6/6 tickers processed successfully.
2026-08-06 13:58:02,819 [swing_model.indicator_pipeline] INFO — [post_close] Fetching OHLCV for: ['AMZN', 'TSLA', 'HD', 'NKE', 'SBUX', 'TGT', 'XLY']
2026-08-06 13:58:02,994 [swing_model.indicator_pipeline] INFO — AMZN: indicators computed (close=272.26, rsi=63.2, atr=9.58)
2026-08-06 13:58:03,000 [swing_model.indicator_pipeline] INFO — TSLA: indicators computed (close=319.53, rsi=36.9, atr=14.87)
2026-08-06 13:58:03,005 [swing_model.indicator_pipeline] INFO — HD: indicators computed (close=349.52, rsi=57.9, atr=8.75)
2026-08-06 13:58:03,011 [swing_model.indicator_pipeline] INFO — NKE: indicators computed (close=42.00, rsi=46.6, atr=1.34)
2026-08-06 13:58:03,017 [swing_model.indicator_pipeline] INFO — SBUX: indicators computed (close=105.16, rsi=53.1, atr=2.98)
2026-08-06 13:58:03,022 [swing_model.indicator_pipeline] INFO — TGT: indicators computed (close=147.08, rsi=64.1, atr=3.97)
2026-08-06 13:58:03,022 [swing_model.indicator_pipeline] INFO — Loading cached fundamental data (last_updated: 2026-08-06T12:30:24.638089+00:00)
2026-08-06 13:58:03,029 [swing_model.indicator_pipeline] INFO — Loading cached positioning data (last_updated: 2026-08-06T12:30:27.874049+00:00)
2026-08-06 13:58:03,029 [swing_model.indicator_pipeline] INFO — Pipeline complete: 6/6 tickers processed successfully.
2026-08-06 13:58:14,972 [shared.api_clients.sec_edgar_client] INFO — SEC EDGAR: fetched 3 capex-context snippet(s) for AMZN.
2026-08-06 13:58:17,271 [shared.api_clients.sec_edgar_client] INFO — SEC EDGAR: fetched 1 capex-context snippet(s) for MSFT.
2026-08-06 13:58:31,270 [shared.api_clients.sec_edgar_client] INFO — SEC EDGAR: fetched 4 capex-context snippet(s) for GOOGL.
2026-08-06 13:58:32,573 [shared.api_clients.sec_edgar_client] INFO — SEC EDGAR: fetched 0 capex-context snippet(s) for META.
2026-08-06 13:58:33,192 [shared.api_clients.sentiment_client] INFO — StockTwits: fetched 30 messages for NVDA.
2026-08-06 13:58:33,557 [shared.api_clients.sentiment_client] WARNING — RapidAPI request failed (attempt 1): 429 Client Error: Too Many Requests for url: https://seeking-alpha-finance.p.rapidapi.com/v1/symbols/news?ticker_slug=NVDA&page_number=1&category=all. Retry in 30s.
2026-08-06 13:59:03,916 [shared.api_clients.sentiment_client] WARNING — RapidAPI request failed (attempt 2): 429 Client Error: Too Many Requests for url: https://seeking-alpha-finance.p.rapidapi.com/v1/symbols/news?ticker_slug=NVDA&page_number=1&category=all. Retry in 60s.
2026-08-06 14:00:04,298 [shared.api_clients.sentiment_client] WARNING — RapidAPI request failed (attempt 3): 429 Client Error: Too Many Requests for url: https://seeking-alpha-finance.p.rapidapi.com/v1/symbols/news?ticker_slug=NVDA&page_number=1&category=all. Retry in 120s.
2026-08-06 14:02:04,299 [shared.api_clients.sentiment_client] ERROR — All retries exhausted for https://seeking-alpha-finance.p.rapidapi.com/v1/symbols/news
2026-08-06 14:02:04,512 [shared.api_clients.news_client] INFO — Yahoo Finance: fetched 10 articles for NVDA.
2026-08-06 14:02:04,890 [shared.api_clients.news_client] INFO — Finnhub: fetched 249 articles for NVDA.
2026-08-06 14:02:05,258 [shared.api_clients.sec_edgar_client] INFO — SEC EDGAR: fetched 10 8-K filing(s) for NVDA.
2026-08-06 14:02:05,829 [shared.api_clients.news_client] INFO — AV news: fetched 50 articles for NVDA.
2026-08-06 14:02:06,040 [__main__] INFO — NVDA: ACTIVE EVENT (trigger='tariff') — signal still logged, flagged for review
2026-08-06 14:02:06,040 [__main__] INFO — NVDA: SCORE 56.6/100 (technical=32.8/40, positioning=10.4/20, sentiment=8.8/15, news=9.6/15, fundamental=10.0/10 as_of=2026-08-05) modifiers(regime=-2.0, macro=+0.0, sector_rotation=-15.0, earnings=+0.0, cross_ticker=+0.0, seasonality=+0.0, total=-15.0) direction=bullish qualifies=no
2026-08-06 14:02:06,040 [__main__] INFO — NVDA: NOTE — regime (-2.0) and sector_rotation (-15.0) are both negative and both derived from SMH price action — likely the same underlying weakness counted twice, not two independent signals
2026-08-06 14:02:06,588 [shared.api_clients.sentiment_client] INFO — StockTwits: fetched 30 messages for AMD.
2026-08-06 14:02:06,966 [shared.api_clients.sentiment_client] WARNING — RapidAPI request failed (attempt 1): 429 Client Error: Too Many Requests for url: https://seeking-alpha-finance.p.rapidapi.com/v1/symbols/news?ticker_slug=AMD&page_number=1&category=all. Retry in 30s.
2026-08-06 14:02:37,331 [shared.api_clients.sentiment_client] WARNING — RapidAPI request failed (attempt 2): 429 Client Error: Too Many Requests for url: https://seeking-alpha-finance.p.rapidapi.com/v1/symbols/news?ticker_slug=AMD&page_number=1&category=all. Retry in 60s.
2026-08-06 14:03:37,706 [shared.api_clients.sentiment_client] WARNING — RapidAPI request failed (attempt 3): 429 Client Error: Too Many Requests for url: https://seeking-alpha-finance.p.rapidapi.com/v1/symbols/news?ticker_slug=AMD&page_number=1&category=all. Retry in 120s.
2026-08-06 14:05:37,706 [shared.api_clients.sentiment_client] ERROR — All retries exhausted for https://seeking-alpha-finance.p.rapidapi.com/v1/symbols/news
2026-08-06 14:05:37,904 [shared.api_clients.news_client] INFO — Yahoo Finance: fetched 10 articles for AMD.
2026-08-06 14:05:38,255 [shared.api_clients.news_client] INFO — Finnhub: fetched 246 articles for AMD.
2026-08-06 14:05:38,830 [shared.api_clients.sec_edgar_client] INFO — SEC EDGAR: fetched 10 8-K filing(s) for AMD.
2026-08-06 14:05:38,992 [__main__] INFO — AMD: ACTIVE EVENT (trigger='tariff') — signal still logged, flagged for review
2026-08-06 14:05:38,992 [__main__] INFO — AMD: SCORE 38.6/100 (technical=18.8/40, positioning=12.3/20, sentiment=8.1/15, news=10.4/15, fundamental=4.0/10 as_of=2026-08-05) modifiers(regime=-2.0, macro=+0.0, sector_rotation=-15.0, earnings=+0.0, cross_ticker=+0.0, seasonality=+0.0, total=-15.0) direction=bullish qualifies=no
2026-08-06 14:05:38,992 [__main__] INFO — AMD: NOTE — regime (-2.0) and sector_rotation (-15.0) are both negative and both derived from SMH price action — likely the same underlying weakness counted twice, not two independent signals
2026-08-06 14:05:39,669 [shared.api_clients.sentiment_client] INFO — StockTwits: fetched 30 messages for AVGO.
2026-08-06 14:05:40,015 [shared.api_clients.sentiment_client] WARNING — RapidAPI request failed (attempt 1): 429 Client Error: Too Many Requests for url: https://seeking-alpha-finance.p.rapidapi.com/v1/symbols/news?ticker_slug=AVGO&page_number=1&category=all. Retry in 30s.
2026-08-06 14:06:10,386 [shared.api_clients.sentiment_client] WARNING — RapidAPI request failed (attempt 2): 429 Client Error: Too Many Requests for url: https://seeking-alpha-finance.p.rapidapi.com/v1/symbols/news?ticker_slug=AVGO&page_number=1&category=all. Retry in 60s.
2026-08-06 14:07:10,747 [shared.api_clients.sentiment_client] WARNING — RapidAPI request failed (attempt 3): 429 Client Error: Too Many Requests for url: https://seeking-alpha-finance.p.rapidapi.com/v1/symbols/news?ticker_slug=AVGO&page_number=1&category=all. Retry in 120s.
2026-08-06 14:09:10,748 [shared.api_clients.sentiment_client] ERROR — All retries exhausted for https://seeking-alpha-finance.p.rapidapi.com/v1/symbols/news
2026-08-06 14:09:11,031 [shared.api_clients.news_client] INFO — Yahoo Finance: fetched 10 articles for AVGO.
2026-08-06 14:09:11,424 [shared.api_clients.news_client] INFO — Finnhub: fetched 137 articles for AVGO.
2026-08-06 14:09:11,855 [shared.api_clients.sec_edgar_client] INFO — SEC EDGAR: fetched 10 8-K filing(s) for AVGO.
2026-08-06 14:09:11,962 [__main__] INFO — AVGO: ACTIVE EVENT (trigger='tariff') — signal still logged, flagged for review
2026-08-06 14:09:11,962 [__main__] INFO — AVGO: SCORE 47.4/100 (technical=28.5/40, positioning=9.8/20, sentiment=10.4/15, news=9.4/15, fundamental=4.3/10 as_of=2026-07-24) modifiers(regime=-2.0, macro=+0.0, sector_rotation=-15.0, earnings=+0.0, cross_ticker=+0.0, seasonality=+0.0, total=-15.0) direction=bullish qualifies=no
2026-08-06 14:09:11,962 [__main__] INFO — AVGO: NOTE — regime (-2.0) and sector_rotation (-15.0) are both negative and both derived from SMH price action — likely the same underlying weakness counted twice, not two independent signals
2026-08-06 14:09:12,594 [shared.api_clients.sentiment_client] INFO — StockTwits: fetched 30 messages for TSM.
2026-08-06 14:09:12,957 [shared.api_clients.sentiment_client] WARNING — RapidAPI request failed (attempt 1): 429 Client Error: Too Many Requests for url: https://seeking-alpha-finance.p.rapidapi.com/v1/symbols/news?ticker_slug=TSM&page_number=1&category=all. Retry in 30s.
2026-08-06 14:09:43,328 [shared.api_clients.sentiment_client] WARNING — RapidAPI request failed (attempt 2): 429 Client Error: Too Many Requests for url: https://seeking-alpha-finance.p.rapidapi.com/v1/symbols/news?ticker_slug=TSM&page_number=1&category=all. Retry in 60s.
2026-08-06 14:10:43,693 [shared.api_clients.sentiment_client] WARNING — RapidAPI request failed (attempt 3): 429 Client Error: Too Many Requests for url: https://seeking-alpha-finance.p.rapidapi.com/v1/symbols/news?ticker_slug=TSM&page_number=1&category=all. Retry in 120s.
2026-08-06 14:12:43,694 [shared.api_clients.sentiment_client] ERROR — All retries exhausted for https://seeking-alpha-finance.p.rapidapi.com/v1/symbols/news
2026-08-06 14:12:43,946 [shared.api_clients.news_client] INFO — Yahoo Finance: fetched 10 articles for TSM.
2026-08-06 14:12:44,309 [shared.api_clients.news_client] INFO — Finnhub: fetched 19 articles for TSM.
2026-08-06 14:12:44,743 [shared.api_clients.sec_edgar_client] INFO — SEC EDGAR: fetched 0 8-K filing(s) for TSM.
2026-08-06 14:12:44,838 [__main__] INFO — TSM: ACTIVE EVENT (trigger='tariff') — signal still logged, flagged for review
2026-08-06 14:12:44,839 [__main__] INFO — TSM: SCORE 46.9/100 (technical=25.3/40, positioning=9.1/20, sentiment=7.0/15, news=10.4/15, fundamental=10.0/10 as_of=2026-08-06) modifiers(regime=-2.0, macro=+0.0, sector_rotation=-15.0, earnings=+0.0, cross_ticker=+0.0, seasonality=+0.0, total=-15.0) direction=bullish qualifies=no
2026-08-06 14:12:44,839 [__main__] INFO — TSM: NOTE — regime (-2.0) and sector_rotation (-15.0) are both negative and both derived from SMH price action — likely the same underlying weakness counted twice, not two independent signals
2026-08-06 14:12:45,434 [shared.api_clients.sentiment_client] INFO — StockTwits: fetched 30 messages for MU.
2026-08-06 14:12:45,784 [shared.api_clients.sentiment_client] WARNING — RapidAPI request failed (attempt 1): 429 Client Error: Too Many Requests for url: https://seeking-alpha-finance.p.rapidapi.com/v1/symbols/news?ticker_slug=MU&page_number=1&category=all. Retry in 30s.
2026-08-06 14:13:16,133 [shared.api_clients.sentiment_client] WARNING — RapidAPI request failed (attempt 2): 429 Client Error: Too Many Requests for url: https://seeking-alpha-finance.p.rapidapi.com/v1/symbols/news?ticker_slug=MU&page_number=1&category=all. Retry in 60s.
2026-08-06 14:14:16,492 [shared.api_clients.sentiment_client] WARNING — RapidAPI request failed (attempt 3): 429 Client Error: Too Many Requests for url: https://seeking-alpha-finance.p.rapidapi.com/v1/symbols/news?ticker_slug=MU&page_number=1&category=all. Retry in 120s.
2026-08-06 14:16:16,492 [shared.api_clients.sentiment_client] ERROR — All retries exhausted for https://seeking-alpha-finance.p.rapidapi.com/v1/symbols/news
2026-08-06 14:16:16,748 [shared.api_clients.news_client] INFO — Yahoo Finance: fetched 10 articles for MU.
2026-08-06 14:16:17,130 [shared.api_clients.news_client] INFO — Finnhub: fetched 244 articles for MU.
2026-08-06 14:16:17,591 [shared.api_clients.sec_edgar_client] INFO — SEC EDGAR: fetched 10 8-K filing(s) for MU.
2026-08-06 14:16:17,715 [__main__] INFO — MU: ACTIVE EVENT (trigger='tariff') — signal still logged, flagged for review
2026-08-06 14:16:17,715 [__main__] INFO — MU: SCORE 41.8/100 (technical=19.3/40, positioning=11.7/20, sentiment=7.3/15, news=8.5/15, fundamental=10.0/10 as_of=2026-08-04) modifiers(regime=-2.0, macro=+0.0, sector_rotation=-15.0, earnings=+0.0, cross_ticker=+0.0, seasonality=+0.0, total=-15.0) direction=bullish qualifies=no
2026-08-06 14:16:17,715 [__main__] INFO — MU: NOTE — regime (-2.0) and sector_rotation (-15.0) are both negative and both derived from SMH price action — likely the same underlying weakness counted twice, not two independent signals
2026-08-06 14:16:30,014 [shared.api_clients.sentiment_client] INFO — StockTwits: fetched 30 messages for ASML.
2026-08-06 14:16:30,381 [shared.api_clients.sentiment_client] WARNING — RapidAPI request failed (attempt 1): 429 Client Error: Too Many Requests for url: https://seeking-alpha-finance.p.rapidapi.com/v1/symbols/news?ticker_slug=ASML&page_number=1&category=all. Retry in 30s.
2026-08-06 14:17:00,748 [shared.api_clients.sentiment_client] WARNING — RapidAPI request failed (attempt 2): 429 Client Error: Too Many Requests for url: https://seeking-alpha-finance.p.rapidapi.com/v1/symbols/news?ticker_slug=ASML&page_number=1&category=all. Retry in 60s.
2026-08-06 14:18:01,144 [shared.api_clients.sentiment_client] WARNING — RapidAPI request failed (attempt 3): 429 Client Error: Too Many Requests for url: https://seeking-alpha-finance.p.rapidapi.com/v1/symbols/news?ticker_slug=ASML&page_number=1&category=all. Retry in 120s.
2026-08-06 14:20:01,144 [shared.api_clients.sentiment_client] ERROR — All retries exhausted for https://seeking-alpha-finance.p.rapidapi.com/v1/symbols/news
2026-08-06 14:20:01,542 [shared.api_clients.news_client] INFO — Yahoo Finance: fetched 10 articles for ASML.
2026-08-06 14:20:01,892 [shared.api_clients.news_client] INFO — Finnhub: fetched 36 articles for ASML.
2026-08-06 14:20:02,358 [shared.api_clients.sec_edgar_client] INFO — SEC EDGAR: fetched 0 8-K filing(s) for ASML.
2026-08-06 14:20:02,447 [__main__] INFO — ASML: ACTIVE EVENT (trigger='tariff') — signal still logged, flagged for review
2026-08-06 14:20:02,447 [__main__] INFO — ASML: SCORE 38.7/100 (technical=15.0/40, positioning=12.0/20, sentiment=12.0/15, news=7.4/15, fundamental=7.3/10 as_of=2026-08-05) modifiers(regime=-2.0, macro=+0.0, sector_rotation=-15.0, earnings=+0.0, cross_ticker=+0.0, seasonality=+0.0, total=-15.0) direction=bullish qualifies=no
2026-08-06 14:20:02,447 [__main__] INFO — ASML: NOTE — regime (-2.0) and sector_rotation (-15.0) are both negative and both derived from SMH price action — likely the same underlying weakness counted twice, not two independent signals
2026-08-06 14:20:03,124 [shared.api_clients.sentiment_client] INFO — StockTwits: fetched 30 messages for ZION.
2026-08-06 14:20:03,480 [shared.api_clients.sentiment_client] WARNING — RapidAPI request failed (attempt 1): 429 Client Error: Too Many Requests for url: https://seeking-alpha-finance.p.rapidapi.com/v1/symbols/news?ticker_slug=ZION&page_number=1&category=all. Retry in 30s.
2026-08-06 14:20:33,846 [shared.api_clients.sentiment_client] WARNING — RapidAPI request failed (attempt 2): 429 Client Error: Too Many Requests for url: https://seeking-alpha-finance.p.rapidapi.com/v1/symbols/news?ticker_slug=ZION&page_number=1&category=all. Retry in 60s.
2026-08-06 14:21:34,231 [shared.api_clients.sentiment_client] WARNING — RapidAPI request failed (attempt 3): 429 Client Error: Too Many Requests for url: https://seeking-alpha-finance.p.rapidapi.com/v1/symbols/news?ticker_slug=ZION&page_number=1&category=all. Retry in 120s.
2026-08-06 14:23:34,231 [shared.api_clients.sentiment_client] ERROR — All retries exhausted for https://seeking-alpha-finance.p.rapidapi.com/v1/symbols/news
2026-08-06 14:23:34,435 [shared.api_clients.news_client] INFO — Yahoo Finance: fetched 10 articles for ZION.
2026-08-06 14:23:34,788 [shared.api_clients.news_client] INFO — Finnhub: fetched 7 articles for ZION.
2026-08-06 14:23:35,274 [shared.api_clients.sec_edgar_client] INFO — SEC EDGAR: fetched 10 8-K filing(s) for ZION.
2026-08-06 14:23:35,376 [__main__] INFO — ZION: SCORE 52.8/100 (technical=24.9/40, positioning=11.3/20, sentiment=6.0/15, news=2.3/15, fundamental=3.3/10 as_of=2026-08-06) modifiers(regime=+5.0, macro=+0.0, sector_rotation=+0.0, earnings=+0.0, cross_ticker=+0.0, seasonality=+0.0, total=+5.0) direction=bullish qualifies=no
2026-08-06 14:23:36,036 [shared.api_clients.sentiment_client] INFO — StockTwits: fetched 30 messages for KEY.
2026-08-06 14:23:36,409 [shared.api_clients.sentiment_client] WARNING — RapidAPI request failed (attempt 1): 429 Client Error: Too Many Requests for url: https://seeking-alpha-finance.p.rapidapi.com/v1/symbols/news?ticker_slug=KEY&page_number=1&category=all. Retry in 30s.
2026-08-06 14:24:06,781 [shared.api_clients.sentiment_client] WARNING — RapidAPI request failed (attempt 2): 429 Client Error: Too Many Requests for url: https://seeking-alpha-finance.p.rapidapi.com/v1/symbols/news?ticker_slug=KEY&page_number=1&category=all. Retry in 60s.
2026-08-06 14:25:07,173 [shared.api_clients.sentiment_client] WARNING — RapidAPI request failed (attempt 3): 429 Client Error: Too Many Requests for url: https://seeking-alpha-finance.p.rapidapi.com/v1/symbols/news?ticker_slug=KEY&page_number=1&category=all. Retry in 120s.
2026-08-06 14:27:07,174 [shared.api_clients.sentiment_client] ERROR — All retries exhausted for https://seeking-alpha-finance.p.rapidapi.com/v1/symbols/news
2026-08-06 14:27:07,580 [shared.api_clients.news_client] INFO — Yahoo Finance: fetched 10 articles for KEY.
2026-08-06 14:27:07,938 [shared.api_clients.news_client] INFO — Finnhub: fetched 10 articles for KEY.
2026-08-06 14:27:08,554 [shared.api_clients.sec_edgar_client] INFO — SEC EDGAR: fetched 10 8-K filing(s) for KEY.
2026-08-06 14:27:08,707 [__main__] INFO — KEY: SCORE 53.8/100 (technical=22.8/40, positioning=11.7/20, sentiment=7.2/15, news=1.7/15, fundamental=5.3/10 as_of=2026-08-05) modifiers(regime=+5.0, macro=+0.0, sector_rotation=+0.0, earnings=+0.0, cross_ticker=+0.0, seasonality=+0.0, total=+5.0) direction=bullish qualifies=no
2026-08-06 14:27:09,327 [shared.api_clients.sentiment_client] INFO — StockTwits: fetched 30 messages for HBAN.
2026-08-06 14:27:09,694 [shared.api_clients.sentiment_client] WARNING — RapidAPI request failed (attempt 1): 429 Client Error: Too Many Requests for url: https://seeking-alpha-finance.p.rapidapi.com/v1/symbols/news?ticker_slug=HBAN&page_number=1&category=all. Retry in 30s.
2026-08-06 14:27:40,059 [shared.api_clients.sentiment_client] WARNING — RapidAPI request failed (attempt 2): 429 Client Error: Too Many Requests for url: https://seeking-alpha-finance.p.rapidapi.com/v1/symbols/news?ticker_slug=HBAN&page_number=1&category=all. Retry in 60s.
2026-08-06 14:28:40,452 [shared.api_clients.sentiment_client] WARNING — RapidAPI request failed (attempt 3): 429 Client Error: Too Many Requests for url: https://seeking-alpha-finance.p.rapidapi.com/v1/symbols/news?ticker_slug=HBAN&page_number=1&category=all. Retry in 120s.
2026-08-06 14:30:40,453 [shared.api_clients.sentiment_client] ERROR — All retries exhausted for https://seeking-alpha-finance.p.rapidapi.com/v1/symbols/news
2026-08-06 14:30:40,654 [shared.api_clients.news_client] INFO — Yahoo Finance: fetched 10 articles for HBAN.
2026-08-06 14:30:41,029 [shared.api_clients.news_client] INFO — Finnhub: fetched 6 articles for HBAN.
2026-08-06 14:30:42,951 [shared.api_clients.sec_edgar_client] INFO — SEC EDGAR: fetched 10 8-K filing(s) for HBAN.
2026-08-06 14:30:43,056 [__main__] INFO — HBAN: SCORE 57.8/100 (technical=24.9/40, positioning=13.1/20, sentiment=9.5/15, news=0.0/15, fundamental=5.3/10 as_of=2026-08-04) modifiers(regime=+5.0, macro=+0.0, sector_rotation=+0.0, earnings=+0.0, cross_ticker=+0.0, seasonality=+0.0, total=+5.0) direction=bullish qualifies=no
2026-08-06 14:30:43,757 [shared.api_clients.sentiment_client] INFO — StockTwits: fetched 30 messages for RF.
2026-08-06 14:30:44,139 [shared.api_clients.sentiment_client] WARNING — RapidAPI request failed (attempt 1): 429 Client Error: Too Many Requests for url: https://seeking-alpha-finance.p.rapidapi.com/v1/symbols/news?ticker_slug=RF&page_number=1&category=all. Retry in 30s.
2026-08-06 14:31:14,513 [shared.api_clients.sentiment_client] WARNING — RapidAPI request failed (attempt 2): 429 Client Error: Too Many Requests for url: https://seeking-alpha-finance.p.rapidapi.com/v1/symbols/news?ticker_slug=RF&page_number=1&category=all. Retry in 60s.
2026-08-06 14:32:14,885 [shared.api_clients.sentiment_client] WARNING — RapidAPI request failed (attempt 3): 429 Client Error: Too Many Requests for url: https://seeking-alpha-finance.p.rapidapi.com/v1/symbols/news?ticker_slug=RF&page_number=1&category=all. Retry in 120s.
2026-08-06 14:34:14,886 [shared.api_clients.sentiment_client] ERROR — All retries exhausted for https://seeking-alpha-finance.p.rapidapi.com/v1/symbols/news
2026-08-06 14:34:15,073 [shared.api_clients.news_client] INFO — Yahoo Finance: fetched 10 articles for RF.
2026-08-06 14:34:15,428 [shared.api_clients.news_client] INFO — Finnhub: fetched 5 articles for RF.
2026-08-06 14:34:30,713 [shared.api_clients.sec_edgar_client] WARNING — [sec_edgar] Request failed (attempt 1): HTTPSConnectionPool(host='www.sec.gov', port=443): Read timed out. (read timeout=15). Retry in 30s.
2026-08-06 14:35:01,179 [shared.api_clients.sec_edgar_client] INFO — SEC EDGAR: fetched 10 8-K filing(s) for RF.
2026-08-06 14:35:01,354 [__main__] INFO — RF: SCORE 62.5/100 (technical=28.0/40, positioning=12.2/20, sentiment=6.0/15, news=7.4/15, fundamental=4.0/10 as_of=2026-08-06) modifiers(regime=+5.0, macro=+0.0, sector_rotation=+0.0, earnings=+0.0, cross_ticker=+0.0, seasonality=+0.0, total=+5.0) direction=bullish qualifies=no
2026-08-06 14:35:01,997 [shared.api_clients.sentiment_client] INFO — StockTwits: fetched 30 messages for FITB.
2026-08-06 14:35:02,359 [shared.api_clients.sentiment_client] WARNING — RapidAPI request failed (attempt 1): 429 Client Error: Too Many Requests for url: https://seeking-alpha-finance.p.rapidapi.com/v1/symbols/news?ticker_slug=FITB&page_number=1&category=all. Retry in 30s.
2026-08-06 14:35:32,706 [shared.api_clients.sentiment_client] WARNING — RapidAPI request failed (attempt 2): 429 Client Error: Too Many Requests for url: https://seeking-alpha-finance.p.rapidapi.com/v1/symbols/news?ticker_slug=FITB&page_number=1&category=all. Retry in 60s.
2026-08-06 14:36:33,066 [shared.api_clients.sentiment_client] WARNING — RapidAPI request failed (attempt 3): 429 Client Error: Too Many Requests for url: https://seeking-alpha-finance.p.rapidapi.com/v1/symbols/news?ticker_slug=FITB&page_number=1&category=all. Retry in 120s.
2026-08-06 14:38:33,067 [shared.api_clients.sentiment_client] ERROR — All retries exhausted for https://seeking-alpha-finance.p.rapidapi.com/v1/symbols/news
2026-08-06 14:38:33,262 [shared.api_clients.news_client] INFO — Yahoo Finance: fetched 10 articles for FITB.
2026-08-06 14:38:33,610 [shared.api_clients.news_client] INFO — Finnhub: fetched 6 articles for FITB.
2026-08-06 14:38:34,213 [shared.api_clients.sec_edgar_client] INFO — SEC EDGAR: fetched 10 8-K filing(s) for FITB.
2026-08-06 14:38:34,318 [__main__] INFO — FITB: SCORE 54.1/100 (technical=25.3/40, positioning=12.7/20, sentiment=6.0/15, news=2.5/15, fundamental=2.7/10 as_of=2026-08-05) modifiers(regime=+5.0, macro=+0.0, sector_rotation=+0.0, earnings=+0.0, cross_ticker=+0.0, seasonality=+0.0, total=+5.0) direction=bullish qualifies=no
2026-08-06 14:38:34,997 [shared.api_clients.sentiment_client] INFO — StockTwits: fetched 30 messages for LLY.
2026-08-06 14:38:35,372 [shared.api_clients.sentiment_client] WARNING — RapidAPI request failed (attempt 1): 429 Client Error: Too Many Requests for url: https://seeking-alpha-finance.p.rapidapi.com/v1/symbols/news?ticker_slug=LLY&page_number=1&category=all. Retry in 30s.
2026-08-06 14:39:06,073 [shared.api_clients.sentiment_client] WARNING — RapidAPI request failed (attempt 2): 429 Client Error: Too Many Requests for url: https://seeking-alpha-finance.p.rapidapi.com/v1/symbols/news?ticker_slug=LLY&page_number=1&category=all. Retry in 60s.
2026-08-06 14:40:06,434 [shared.api_clients.sentiment_client] WARNING — RapidAPI request failed (attempt 3): 429 Client Error: Too Many Requests for url: https://seeking-alpha-finance.p.rapidapi.com/v1/symbols/news?ticker_slug=LLY&page_number=1&category=all. Retry in 120s.
2026-08-06 14:42:06,435 [shared.api_clients.sentiment_client] ERROR — All retries exhausted for https://seeking-alpha-finance.p.rapidapi.com/v1/symbols/news
2026-08-06 14:42:06,613 [shared.api_clients.news_client] INFO — Yahoo Finance: fetched 10 articles for LLY.
2026-08-06 14:42:06,950 [shared.api_clients.news_client] INFO — Finnhub: fetched 223 articles for LLY.
2026-08-06 14:42:07,399 [shared.api_clients.sec_edgar_client] INFO — SEC EDGAR: fetched 10 8-K filing(s) for LLY.
2026-08-06 14:42:07,507 [__main__] INFO — LLY: SCORE 74.1/100 (technical=26.7/40, positioning=7.7/20, sentiment=12.0/15, news=11.7/15, fundamental=6.0/10 as_of=2026-08-04) modifiers(regime=+5.0, macro=+0.0, sector_rotation=+0.0, earnings=+0.0, cross_ticker=+5.0, seasonality=+0.0, total=+10.0) direction=bullish qualifies=no
2026-08-06 14:42:07,508 [__main__] INFO — LLY: NOTE — diagonal_call's ev_per_dollar_per_day (0.25702) is a statistical outlier vs. this structure's own history (z=-33.30, threshold=3.5) — worth checking the underlying inputs (ATR/price ratio, IV, dte) before trusting this ranking
2026-08-06 14:42:08,131 [shared.api_clients.sentiment_client] INFO — StockTwits: fetched 30 messages for PFE.
2026-08-06 14:42:08,514 [shared.api_clients.sentiment_client] WARNING — RapidAPI request failed (attempt 1): 429 Client Error: Too Many Requests for url: https://seeking-alpha-finance.p.rapidapi.com/v1/symbols/news?ticker_slug=PFE&page_number=1&category=all. Retry in 30s.
2026-08-06 14:42:38,878 [shared.api_clients.sentiment_client] WARNING — RapidAPI request failed (attempt 2): 429 Client Error: Too Many Requests for url: https://seeking-alpha-finance.p.rapidapi.com/v1/symbols/news?ticker_slug=PFE&page_number=1&category=all. Retry in 60s.
2026-08-06 14:43:39,229 [shared.api_clients.sentiment_client] WARNING — RapidAPI request failed (attempt 3): 429 Client Error: Too Many Requests for url: https://seeking-alpha-finance.p.rapidapi.com/v1/symbols/news?ticker_slug=PFE&page_number=1&category=all. Retry in 120s.
2026-08-06 14:45:39,230 [shared.api_clients.sentiment_client] ERROR — All retries exhausted for https://seeking-alpha-finance.p.rapidapi.com/v1/symbols/news
2026-08-06 14:45:39,413 [shared.api_clients.news_client] INFO — Yahoo Finance: fetched 10 articles for PFE.
2026-08-06 14:45:39,777 [shared.api_clients.news_client] INFO — Finnhub: fetched 99 articles for PFE.
2026-08-06 14:45:48,530 [shared.api_clients.sec_edgar_client] INFO — SEC EDGAR: fetched 10 8-K filing(s) for PFE.
2026-08-06 14:45:48,700 [__main__] INFO — PFE: SCORE 76.6/100 (technical=31.2/40, positioning=12.3/20, sentiment=8.4/15, news=8.0/15, fundamental=6.7/10 as_of=2026-08-04) modifiers(regime=+5.0, macro=+0.0, sector_rotation=+0.0, earnings=+0.0, cross_ticker=+5.0, seasonality=+0.0, total=+10.0) direction=bullish qualifies=no
2026-08-06 14:45:49,490 [shared.api_clients.sentiment_client] INFO — StockTwits: fetched 30 messages for MRK.
2026-08-06 14:45:49,846 [shared.api_clients.sentiment_client] WARNING — RapidAPI request failed (attempt 1): 429 Client Error: Too Many Requests for url: https://seeking-alpha-finance.p.rapidapi.com/v1/symbols/news?ticker_slug=MRK&page_number=1&category=all. Retry in 30s.
2026-08-06 14:46:20,216 [shared.api_clients.sentiment_client] WARNING — RapidAPI request failed (attempt 2): 429 Client Error: Too Many Requests for url: https://seeking-alpha-finance.p.rapidapi.com/v1/symbols/news?ticker_slug=MRK&page_number=1&category=all. Retry in 60s.
2026-08-06 14:47:20,594 [shared.api_clients.sentiment_client] WARNING — RapidAPI request failed (attempt 3): 429 Client Error: Too Many Requests for url: https://seeking-alpha-finance.p.rapidapi.com/v1/symbols/news?ticker_slug=MRK&page_number=1&category=all. Retry in 120s.
2026-08-06 14:49:20,595 [shared.api_clients.sentiment_client] ERROR — All retries exhausted for https://seeking-alpha-finance.p.rapidapi.com/v1/symbols/news
2026-08-06 14:49:20,843 [shared.api_clients.news_client] INFO — Yahoo Finance: fetched 10 articles for MRK.
2026-08-06 14:49:21,229 [shared.api_clients.news_client] INFO — Finnhub: fetched 105 articles for MRK.
2026-08-06 14:49:21,695 [shared.api_clients.sec_edgar_client] INFO — SEC EDGAR: fetched 10 8-K filing(s) for MRK.
2026-08-06 14:49:21,805 [__main__] INFO — MRK: SCORE 68.9/100 (technical=29.7/40, positioning=13.3/20, sentiment=6.5/15, news=9.7/15, fundamental=4.7/10 as_of=2026-08-03) modifiers(regime=+5.0, macro=+0.0, sector_rotation=+0.0, earnings=+0.0, cross_ticker=+0.0, seasonality=+0.0, total=+5.0) direction=bullish qualifies=no
2026-08-06 14:49:22,434 [shared.api_clients.sentiment_client] INFO — StockTwits: fetched 30 messages for ABBV.
2026-08-06 14:49:22,800 [shared.api_clients.sentiment_client] WARNING — RapidAPI request failed (attempt 1): 429 Client Error: Too Many Requests for url: https://seeking-alpha-finance.p.rapidapi.com/v1/symbols/news?ticker_slug=ABBV&page_number=1&category=all. Retry in 30s.
2026-08-06 14:49:53,189 [shared.api_clients.sentiment_client] WARNING — RapidAPI request failed (attempt 2): 429 Client Error: Too Many Requests for url: https://seeking-alpha-finance.p.rapidapi.com/v1/symbols/news?ticker_slug=ABBV&page_number=1&category=all. Retry in 60s.
2026-08-06 14:50:53,578 [shared.api_clients.sentiment_client] WARNING — RapidAPI request failed (attempt 3): 429 Client Error: Too Many Requests for url: https://seeking-alpha-finance.p.rapidapi.com/v1/symbols/news?ticker_slug=ABBV&page_number=1&category=all. Retry in 120s.
2026-08-06 14:52:53,578 [shared.api_clients.sentiment_client] ERROR — All retries exhausted for https://seeking-alpha-finance.p.rapidapi.com/v1/symbols/news
2026-08-06 14:52:53,763 [shared.api_clients.news_client] INFO — Yahoo Finance: fetched 10 articles for ABBV.
2026-08-06 14:52:54,134 [shared.api_clients.news_client] INFO — Finnhub: fetched 81 articles for ABBV.
2026-08-06 14:53:09,398 [shared.api_clients.sec_edgar_client] WARNING — [sec_edgar] Request failed (attempt 1): HTTPSConnectionPool(host='www.sec.gov', port=443): Read timed out. (read timeout=15). Retry in 30s.
2026-08-06 14:53:39,895 [shared.api_clients.sec_edgar_client] INFO — SEC EDGAR: fetched 10 8-K filing(s) for ABBV.
2026-08-06 14:53:40,016 [__main__] INFO — ABBV: SCORE 43.4/100 (technical=21.3/40, positioning=10.8/20, sentiment=4.5/15, news=8.0/15, fundamental=3.8/10 as_of=2026-08-02) modifiers(regime=+5.0, macro=+0.0, sector_rotation=+0.0, earnings=+0.0, cross_ticker=-10.0, seasonality=+0.0, total=-5.0) direction=bullish qualifies=no
2026-08-06 14:53:40,658 [shared.api_clients.sentiment_client] INFO — StockTwits: fetched 30 messages for UNH.
2026-08-06 14:53:41,022 [shared.api_clients.sentiment_client] WARNING — RapidAPI request failed (attempt 1): 429 Client Error: Too Many Requests for url: https://seeking-alpha-finance.p.rapidapi.com/v1/symbols/news?ticker_slug=UNH&page_number=1&category=all. Retry in 30s.
2026-08-06 14:54:11,388 [shared.api_clients.sentiment_client] WARNING — RapidAPI request failed (attempt 2): 429 Client Error: Too Many Requests for url: https://seeking-alpha-finance.p.rapidapi.com/v1/symbols/news?ticker_slug=UNH&page_number=1&category=all. Retry in 60s.
2026-08-06 14:55:11,778 [shared.api_clients.sentiment_client] WARNING — RapidAPI request failed (attempt 3): 429 Client Error: Too Many Requests for url: https://seeking-alpha-finance.p.rapidapi.com/v1/symbols/news?ticker_slug=UNH&page_number=1&category=all. Retry in 120s.
2026-08-06 14:57:11,779 [shared.api_clients.sentiment_client] ERROR — All retries exhausted for https://seeking-alpha-finance.p.rapidapi.com/v1/symbols/news
2026-08-06 14:57:11,945 [shared.api_clients.news_client] INFO — Yahoo Finance: fetched 10 articles for UNH.
2026-08-06 14:57:12,312 [shared.api_clients.news_client] INFO — Finnhub: fetched 44 articles for UNH.
2026-08-06 14:57:12,797 [shared.api_clients.sec_edgar_client] INFO — SEC EDGAR: fetched 10 8-K filing(s) for UNH.
2026-08-06 14:57:12,886 [__main__] INFO — UNH: SCORE 44.6/100 (technical=14.7/40, positioning=13.0/20, sentiment=10.2/15, news=7.9/15, fundamental=3.8/10 as_of=2026-08-02) modifiers(regime=+5.0, macro=+0.0, sector_rotation=+0.0, earnings=+0.0, cross_ticker=-10.0, seasonality=+0.0, total=-5.0) direction=bullish qualifies=no
2026-08-06 14:57:13,572 [shared.api_clients.sentiment_client] INFO — StockTwits: fetched 30 messages for JNJ.
2026-08-06 14:57:13,942 [shared.api_clients.sentiment_client] WARNING — RapidAPI request failed (attempt 1): 429 Client Error: Too Many Requests for url: https://seeking-alpha-finance.p.rapidapi.com/v1/symbols/news?ticker_slug=JNJ&page_number=1&category=all. Retry in 30s.
2026-08-06 14:57:44,332 [shared.api_clients.sentiment_client] WARNING — RapidAPI request failed (attempt 2): 429 Client Error: Too Many Requests for url: https://seeking-alpha-finance.p.rapidapi.com/v1/symbols/news?ticker_slug=JNJ&page_number=1&category=all. Retry in 60s.
2026-08-06 14:58:44,714 [shared.api_clients.sentiment_client] WARNING — RapidAPI request failed (attempt 3): 429 Client Error: Too Many Requests for url: https://seeking-alpha-finance.p.rapidapi.com/v1/symbols/news?ticker_slug=JNJ&page_number=1&category=all. Retry in 120s.
2026-08-06 15:00:44,714 [shared.api_clients.sentiment_client] ERROR — All retries exhausted for https://seeking-alpha-finance.p.rapidapi.com/v1/symbols/news
2026-08-06 15:00:44,969 [shared.api_clients.news_client] INFO — Yahoo Finance: fetched 10 articles for JNJ.
2026-08-06 15:00:45,336 [shared.api_clients.news_client] INFO — Finnhub: fetched 78 articles for JNJ.
2026-08-06 15:00:56,983 [shared.api_clients.sec_edgar_client] INFO — SEC EDGAR: fetched 10 8-K filing(s) for JNJ.
2026-08-06 15:00:57,118 [__main__] INFO — JNJ: SCORE 58.1/100 (technical=24.9/40, positioning=7.2/20, sentiment=7.3/15, news=7.4/15, fundamental=6.4/10 as_of=2026-08-02) modifiers(regime=+5.0, macro=+0.0, sector_rotation=+0.0, earnings=+0.0, cross_ticker=+0.0, seasonality=+0.0, total=+5.0) direction=bullish qualifies=no
2026-08-06 15:00:57,726 [shared.api_clients.sentiment_client] INFO — StockTwits: fetched 30 messages for AMZN.
2026-08-06 15:00:58,098 [shared.api_clients.sentiment_client] WARNING — RapidAPI request failed (attempt 1): 429 Client Error: Too Many Requests for url: https://seeking-alpha-finance.p.rapidapi.com/v1/symbols/news?ticker_slug=AMZN&page_number=1&category=all. Retry in 30s.
2026-08-06 15:01:28,662 [shared.api_clients.sentiment_client] WARNING — RapidAPI request failed (attempt 2): 429 Client Error: Too Many Requests for url: https://seeking-alpha-finance.p.rapidapi.com/v1/symbols/news?ticker_slug=AMZN&page_number=1&category=all. Retry in 60s.
2026-08-06 15:02:29,226 [shared.api_clients.sentiment_client] WARNING — RapidAPI request failed (attempt 3): 429 Client Error: Too Many Requests for url: https://seeking-alpha-finance.p.rapidapi.com/v1/symbols/news?ticker_slug=AMZN&page_number=1&category=all. Retry in 120s.
2026-08-06 15:04:29,227 [shared.api_clients.sentiment_client] ERROR — All retries exhausted for https://seeking-alpha-finance.p.rapidapi.com/v1/symbols/news
2026-08-06 15:04:29,399 [shared.api_clients.news_client] INFO — Yahoo Finance: fetched 10 articles for AMZN.
2026-08-06 15:04:29,760 [shared.api_clients.news_client] INFO — Finnhub: fetched 247 articles for AMZN.
2026-08-06 15:04:30,251 [shared.api_clients.sec_edgar_client] INFO — SEC EDGAR: fetched 10 8-K filing(s) for AMZN.
2026-08-06 15:04:30,344 [__main__] INFO — AMZN: SCORE 71.7/100 (technical=31.3/40, positioning=10.2/20, sentiment=4.1/15, news=10.1/15, fundamental=6.0/10 as_of=2026-08-06) modifiers(regime=+5.0, macro=+0.0, sector_rotation=+0.0, earnings=+0.0, cross_ticker=+5.0, seasonality=+0.0, total=+10.0) direction=bullish qualifies=no
2026-08-06 15:04:31,028 [shared.api_clients.sentiment_client] INFO — StockTwits: fetched 30 messages for TSLA.
2026-08-06 15:04:31,373 [shared.api_clients.sentiment_client] WARNING — RapidAPI request failed (attempt 1): 429 Client Error: Too Many Requests for url: https://seeking-alpha-finance.p.rapidapi.com/v1/symbols/news?ticker_slug=TSLA&page_number=1&category=all. Retry in 30s.
2026-08-06 15:05:01,752 [shared.api_clients.sentiment_client] WARNING — RapidAPI request failed (attempt 2): 429 Client Error: Too Many Requests for url: https://seeking-alpha-finance.p.rapidapi.com/v1/symbols/news?ticker_slug=TSLA&page_number=1&category=all. Retry in 60s.
2026-08-06 15:06:02,117 [shared.api_clients.sentiment_client] WARNING — RapidAPI request failed (attempt 3): 429 Client Error: Too Many Requests for url: https://seeking-alpha-finance.p.rapidapi.com/v1/symbols/news?ticker_slug=TSLA&page_number=1&category=all. Retry in 120s.
2026-08-06 15:08:02,118 [shared.api_clients.sentiment_client] ERROR — All retries exhausted for https://seeking-alpha-finance.p.rapidapi.com/v1/symbols/news
2026-08-06 15:08:02,400 [shared.api_clients.news_client] INFO — Yahoo Finance: fetched 10 articles for TSLA.
2026-08-06 15:08:02,765 [shared.api_clients.news_client] INFO — Finnhub: fetched 240 articles for TSLA.
2026-08-06 15:08:03,211 [shared.api_clients.sec_edgar_client] INFO — SEC EDGAR: fetched 10 8-K filing(s) for TSLA.
2026-08-06 15:08:03,324 [__main__] INFO — TSLA: SCORE 44.1/100 (technical=7.6/40, positioning=15.0/20, sentiment=6.5/15, news=8.7/15, fundamental=1.3/10 as_of=2026-08-06) modifiers(regime=+5.0, macro=+0.0, sector_rotation=+0.0, earnings=+0.0, cross_ticker=+0.0, seasonality=+0.0, total=+5.0) direction=bullish qualifies=no
2026-08-06 15:08:04,117 [shared.api_clients.sentiment_client] INFO — StockTwits: fetched 30 messages for HD.
2026-08-06 15:08:04,489 [shared.api_clients.sentiment_client] WARNING — RapidAPI request failed (attempt 1): 429 Client Error: Too Many Requests for url: https://seeking-alpha-finance.p.rapidapi.com/v1/symbols/news?ticker_slug=HD&page_number=1&category=all. Retry in 30s.
2026-08-06 15:08:34,863 [shared.api_clients.sentiment_client] WARNING — RapidAPI request failed (attempt 2): 429 Client Error: Too Many Requests for url: https://seeking-alpha-finance.p.rapidapi.com/v1/symbols/news?ticker_slug=HD&page_number=1&category=all. Retry in 60s.
2026-08-06 15:09:35,229 [shared.api_clients.sentiment_client] WARNING — RapidAPI request failed (attempt 3): 429 Client Error: Too Many Requests for url: https://seeking-alpha-finance.p.rapidapi.com/v1/symbols/news?ticker_slug=HD&page_number=1&category=all. Retry in 120s.
2026-08-06 15:11:35,229 [shared.api_clients.sentiment_client] ERROR — All retries exhausted for https://seeking-alpha-finance.p.rapidapi.com/v1/symbols/news
2026-08-06 15:11:35,411 [shared.api_clients.news_client] INFO — Yahoo Finance: fetched 10 articles for HD.
2026-08-06 15:11:35,761 [shared.api_clients.news_client] INFO — Finnhub: fetched 31 articles for HD.
2026-08-06 15:11:36,185 [shared.api_clients.sec_edgar_client] INFO — SEC EDGAR: fetched 10 8-K filing(s) for HD.
2026-08-06 15:11:36,311 [__main__] INFO — HD: SCORE 50.2/100 (technical=29.1/40, positioning=12.2/20, sentiment=1.2/15, news=7.6/15, fundamental=0.0/10 as_of=never) modifiers(regime=+5.0, macro=+0.0, sector_rotation=+0.0, earnings=-5.0, cross_ticker=+0.0, seasonality=+0.0, total=+0.0) direction=bullish qualifies=no
2026-08-06 15:11:37,062 [shared.api_clients.sentiment_client] INFO — StockTwits: fetched 30 messages for NKE.
2026-08-06 15:11:37,434 [shared.api_clients.sentiment_client] WARNING — RapidAPI request failed (attempt 1): 429 Client Error: Too Many Requests for url: https://seeking-alpha-finance.p.rapidapi.com/v1/symbols/news?ticker_slug=NKE&page_number=1&category=all. Retry in 30s.
2026-08-06 15:12:07,808 [shared.api_clients.sentiment_client] WARNING — RapidAPI request failed (attempt 2): 429 Client Error: Too Many Requests for url: https://seeking-alpha-finance.p.rapidapi.com/v1/symbols/news?ticker_slug=NKE&page_number=1&category=all. Retry in 60s.
2026-08-06 15:13:08,206 [shared.api_clients.sentiment_client] WARNING — RapidAPI request failed (attempt 3): 429 Client Error: Too Many Requests for url: https://seeking-alpha-finance.p.rapidapi.com/v1/symbols/news?ticker_slug=NKE&page_number=1&category=all. Retry in 120s.
2026-08-06 15:15:08,207 [shared.api_clients.sentiment_client] ERROR — All retries exhausted for https://seeking-alpha-finance.p.rapidapi.com/v1/symbols/news
2026-08-06 15:15:08,395 [shared.api_clients.news_client] INFO — Yahoo Finance: fetched 10 articles for NKE.
2026-08-06 15:15:08,759 [shared.api_clients.news_client] INFO — Finnhub: fetched 59 articles for NKE.
2026-08-06 15:15:09,275 [shared.api_clients.sec_edgar_client] INFO — SEC EDGAR: fetched 10 8-K filing(s) for NKE.
2026-08-06 15:15:09,389 [__main__] INFO — NKE: SCORE 40.4/100 (technical=20.2/40, positioning=7.7/20, sentiment=7.8/15, news=9.7/15, fundamental=0.0/10 as_of=never) modifiers(regime=+5.0, macro=+0.0, sector_rotation=+0.0, earnings=+0.0, cross_ticker=-10.0, seasonality=+0.0, total=-5.0) direction=bullish qualifies=no
2026-08-06 15:15:09,937 [shared.api_clients.sentiment_client] INFO — StockTwits: fetched 30 messages for SBUX.
2026-08-06 15:15:10,308 [shared.api_clients.sentiment_client] WARNING — RapidAPI request failed (attempt 1): 429 Client Error: Too Many Requests for url: https://seeking-alpha-finance.p.rapidapi.com/v1/symbols/news?ticker_slug=SBUX&page_number=1&category=all. Retry in 30s.
2026-08-06 15:15:40,681 [shared.api_clients.sentiment_client] WARNING — RapidAPI request failed (attempt 2): 429 Client Error: Too Many Requests for url: https://seeking-alpha-finance.p.rapidapi.com/v1/symbols/news?ticker_slug=SBUX&page_number=1&category=all. Retry in 60s.
2026-08-06 15:16:41,085 [shared.api_clients.sentiment_client] WARNING — RapidAPI request failed (attempt 3): 429 Client Error: Too Many Requests for url: https://seeking-alpha-finance.p.rapidapi.com/v1/symbols/news?ticker_slug=SBUX&page_number=1&category=all. Retry in 120s.
2026-08-06 15:18:41,085 [shared.api_clients.sentiment_client] ERROR — All retries exhausted for https://seeking-alpha-finance.p.rapidapi.com/v1/symbols/news
2026-08-06 15:18:41,252 [shared.api_clients.news_client] INFO — Yahoo Finance: fetched 10 articles for SBUX.
2026-08-06 15:18:41,608 [shared.api_clients.news_client] INFO — Finnhub: fetched 81 articles for SBUX.
2026-08-06 15:18:56,860 [shared.api_clients.sec_edgar_client] WARNING — [sec_edgar] Request failed (attempt 1): HTTPSConnectionPool(host='www.sec.gov', port=443): Read timed out. (read timeout=15). Retry in 30s.
2026-08-06 15:19:31,296 [shared.api_clients.sec_edgar_client] INFO — SEC EDGAR: fetched 10 8-K filing(s) for SBUX.
2026-08-06 15:19:31,454 [__main__] INFO — SBUX: SCORE 40.4/100 (technical=27.1/40, positioning=6.8/20, sentiment=3.9/15, news=7.6/15, fundamental=0.0/10 as_of=never) modifiers(regime=+5.0, macro=+0.0, sector_rotation=+0.0, earnings=+0.0, cross_ticker=-10.0, seasonality=+0.0, total=-5.0) direction=bullish qualifies=no
2026-08-06 15:19:32,104 [shared.api_clients.sentiment_client] INFO — StockTwits: fetched 30 messages for TGT.
2026-08-06 15:19:32,449 [shared.api_clients.sentiment_client] WARNING — RapidAPI request failed (attempt 1): 429 Client Error: Too Many Requests for url: https://seeking-alpha-finance.p.rapidapi.com/v1/symbols/news?ticker_slug=TGT&page_number=1&category=all. Retry in 30s.
2026-08-06 15:20:02,809 [shared.api_clients.sentiment_client] WARNING — RapidAPI request failed (attempt 2): 429 Client Error: Too Many Requests for url: https://seeking-alpha-finance.p.rapidapi.com/v1/symbols/news?ticker_slug=TGT&page_number=1&category=all. Retry in 60s.
2026-08-06 15:21:03,421 [shared.api_clients.sentiment_client] WARNING — RapidAPI request failed (attempt 3): 429 Client Error: Too Many Requests for url: https://seeking-alpha-finance.p.rapidapi.com/v1/symbols/news?ticker_slug=TGT&page_number=1&category=all. Retry in 120s.
2026-08-06 15:23:03,422 [shared.api_clients.sentiment_client] ERROR — All retries exhausted for https://seeking-alpha-finance.p.rapidapi.com/v1/symbols/news
2026-08-06 15:23:03,686 [shared.api_clients.news_client] INFO — Yahoo Finance: fetched 10 articles for TGT.
2026-08-06 15:23:04,037 [shared.api_clients.news_client] INFO — Finnhub: fetched 45 articles for TGT.
2026-08-06 15:23:04,543 [shared.api_clients.sec_edgar_client] INFO — SEC EDGAR: fetched 10 8-K filing(s) for TGT.
2026-08-06 15:23:04,708 [__main__] INFO — TGT: SCORE 44.6/100 (technical=27.4/40, positioning=7.1/20, sentiment=7.0/15, news=3.1/15, fundamental=0.0/10 as_of=never) modifiers(regime=+5.0, macro=+0.0, sector_rotation=+0.0, earnings=-5.0, cross_ticker=+0.0, seasonality=+0.0, total=+0.0) direction=bullish qualifies=no
2026-08-06 15:23:05,245 [__main__] INFO — Paper scan complete — 0 new signals logged to paper_trading\paper_trades.csv
Done — 0 paper signal(s) logged.
