2026-08-07 13:53:50,451 [swing_model.indicator_pipeline] INFO — [post_close] Fetching OHLCV for: ['NVDA', 'AMD', 'AVGO', 'TSM', 'MU', 'ASML', 'SMH']
2026-08-07 13:53:50,797 [swing_model.indicator_pipeline] INFO — NVDA: indicators computed (close=223.96, rsi=64.4, atr=7.64)
2026-08-07 13:53:50,802 [swing_model.indicator_pipeline] INFO — AMD: indicators computed (close=483.36, rsi=46.9, atr=38.26)
2026-08-07 13:53:50,808 [swing_model.indicator_pipeline] INFO — AVGO: indicators computed (close=427.76, rsi=64.9, atr=16.60)
2026-08-07 13:53:50,813 [swing_model.indicator_pipeline] INFO — TSM: indicators computed (close=420.04, rsi=52.2, atr=17.10)
2026-08-07 13:53:50,824 [swing_model.indicator_pipeline] INFO — MU: indicators computed (close=877.57, rsi=47.6, atr=83.00)
2026-08-07 13:53:50,829 [swing_model.indicator_pipeline] INFO — ASML: indicators computed (close=1740.99, rsi=52.0, atr=80.11)
2026-08-07 13:53:51,206 [swing_model.indicator_pipeline] INFO — Loading cached fundamental data (last_updated: 2026-08-07T12:30:05.892111+00:00)
2026-08-07 13:53:51,215 [swing_model.indicator_pipeline] INFO — Loading cached positioning data (last_updated: 2026-08-07T12:30:21.324921+00:00)
2026-08-07 13:53:51,215 [swing_model.indicator_pipeline] INFO — Pipeline complete: 6/6 tickers processed successfully.
2026-08-07 13:53:51,216 [swing_model.indicator_pipeline] INFO — [post_close] Fetching OHLCV for: ['ZION', 'KEY', 'HBAN', 'RF', 'FITB', 'KRE']
2026-08-07 13:53:51,394 [swing_model.indicator_pipeline] INFO — ZION: indicators computed (close=70.32, rsi=52.9, atr=1.50)
2026-08-07 13:53:51,400 [swing_model.indicator_pipeline] INFO — KEY: indicators computed (close=22.73, rsi=48.5, atr=0.47)
2026-08-07 13:53:51,405 [swing_model.indicator_pipeline] INFO — HBAN: indicators computed (close=17.55, rsi=51.3, atr=0.39)
2026-08-07 13:53:51,411 [swing_model.indicator_pipeline] INFO — RF: indicators computed (close=31.43, rsi=56.8, atr=0.62)
2026-08-07 13:53:51,416 [swing_model.indicator_pipeline] INFO — FITB: indicators computed (close=57.09, rsi=53.2, atr=1.25)
2026-08-07 13:53:51,979 [swing_model.indicator_pipeline] INFO — Loading cached fundamental data (last_updated: 2026-08-07T12:30:05.892111+00:00)
2026-08-07 13:53:51,985 [swing_model.indicator_pipeline] INFO — Loading cached positioning data (last_updated: 2026-08-07T12:30:21.324921+00:00)
2026-08-07 13:53:51,985 [swing_model.indicator_pipeline] INFO — Pipeline complete: 5/5 tickers processed successfully.
2026-08-07 13:53:51,986 [swing_model.indicator_pipeline] INFO — [post_close] Fetching OHLCV for: ['LLY', 'PFE', 'MRK', 'ABBV', 'UNH', 'JNJ', 'XLV']
2026-08-07 13:53:52,213 [swing_model.indicator_pipeline] INFO — LLY: indicators computed (close=1185.71, rsi=53.7, atr=42.11)
2026-08-07 13:53:52,218 [swing_model.indicator_pipeline] INFO — PFE: indicators computed (close=26.76, rsi=74.7, atr=0.53)
2026-08-07 13:53:52,224 [swing_model.indicator_pipeline] INFO — MRK: indicators computed (close=128.58, rsi=54.6, atr=3.31)
2026-08-07 13:53:52,229 [swing_model.indicator_pipeline] INFO — ABBV: indicators computed (close=246.04, rsi=47.7, atr=6.72)
2026-08-07 13:53:52,235 [swing_model.indicator_pipeline] INFO — UNH: indicators computed (close=407.08, rsi=44.1, atr=12.07)
2026-08-07 13:53:52,240 [swing_model.indicator_pipeline] INFO — JNJ: indicators computed (close=259.24, rsi=55.5, atr=6.14)
2026-08-07 13:53:52,759 [swing_model.indicator_pipeline] INFO — Loading cached fundamental data (last_updated: 2026-08-07T12:30:05.892111+00:00)
2026-08-07 13:53:52,766 [swing_model.indicator_pipeline] INFO — Loading cached positioning data (last_updated: 2026-08-07T12:30:21.324921+00:00)
2026-08-07 13:53:52,766 [swing_model.indicator_pipeline] INFO — Pipeline complete: 6/6 tickers processed successfully.
2026-08-07 13:53:52,767 [swing_model.indicator_pipeline] INFO — [post_close] Fetching OHLCV for: ['AMZN', 'TSLA', 'HD', 'NKE', 'SBUX', 'TGT', 'XLY']
2026-08-07 13:53:52,980 [swing_model.indicator_pipeline] INFO — AMZN: indicators computed (close=274.48, rsi=64.2, atr=9.33)
2026-08-07 13:53:52,985 [swing_model.indicator_pipeline] INFO — TSLA: indicators computed (close=328.58, rsi=41.4, atr=14.82)
2026-08-07 13:53:52,991 [swing_model.indicator_pipeline] INFO — HD: indicators computed (close=355.62, rsi=61.4, atr=8.70)
2026-08-07 13:53:52,997 [swing_model.indicator_pipeline] INFO — NKE: indicators computed (close=41.70, rsi=45.2, atr=1.29)
2026-08-07 13:53:53,003 [swing_model.indicator_pipeline] INFO — SBUX: indicators computed (close=105.58, rsi=54.4, atr=2.99)
2026-08-07 13:53:53,009 [swing_model.indicator_pipeline] INFO — TGT: indicators computed (close=149.70, rsi=67.6, atr=4.02)
2026-08-07 13:53:53,881 [swing_model.indicator_pipeline] INFO — Loading cached fundamental data (last_updated: 2026-08-07T12:30:05.892111+00:00)
2026-08-07 13:53:53,888 [swing_model.indicator_pipeline] INFO — Loading cached positioning data (last_updated: 2026-08-07T12:30:21.324921+00:00)
2026-08-07 13:53:53,888 [swing_model.indicator_pipeline] INFO — Pipeline complete: 6/6 tickers processed successfully.
2026-08-07 13:53:56,591 [shared.api_clients.sec_edgar_client] INFO — SEC EDGAR: fetched 3 capex-context snippet(s) for AMZN.
2026-08-07 13:53:59,197 [shared.api_clients.sec_edgar_client] INFO — SEC EDGAR: fetched 1 capex-context snippet(s) for MSFT.
2026-08-07 13:54:09,981 [shared.api_clients.sec_edgar_client] INFO — SEC EDGAR: fetched 4 capex-context snippet(s) for GOOGL.
2026-08-07 13:54:21,997 [shared.api_clients.sec_edgar_client] INFO — SEC EDGAR: fetched 0 capex-context snippet(s) for META.
2026-08-07 13:54:22,529 [shared.api_clients.sentiment_client] INFO — StockTwits: fetched 30 messages for NVDA.
2026-08-07 13:54:25,724 [shared.api_clients.sentiment_client] INFO — Seeking Alpha: fetched 10 engagement items for NVDA.
2026-08-07 13:54:25,941 [shared.api_clients.news_client] INFO — Yahoo Finance: fetched 10 articles for NVDA.
2026-08-07 13:54:26,333 [shared.api_clients.news_client] INFO — Finnhub: fetched 249 articles for NVDA.
2026-08-07 13:54:28,016 [shared.api_clients.sec_edgar_client] INFO — SEC EDGAR: fetched 10 8-K filing(s) for NVDA.
2026-08-07 13:54:28,260 [__main__] INFO — NVDA: ACTIVE EVENT (trigger='tariff') — signal still logged, flagged for review
2026-08-07 13:54:28,260 [__main__] INFO — NVDA: SCORE 66.0/100 (technical=30.2/40, positioning=11.0/20, sentiment=7.9/15, news=8.9/15, fundamental=10.0/10 as_of=2026-08-05) modifiers(regime=-2.0, macro=+0.0, sector_rotation=+0.0, earnings=+0.0, cross_ticker=+0.0, seasonality=+0.0, total=-2.0) direction=bullish qualifies=no
2026-08-07 13:54:29,322 [shared.api_clients.sentiment_client] INFO — StockTwits: fetched 30 messages for AMD.
2026-08-07 13:54:30,681 [shared.api_clients.sentiment_client] INFO — Seeking Alpha: fetched 10 engagement items for AMD.
2026-08-07 13:54:30,828 [shared.api_clients.news_client] INFO — Yahoo Finance: fetched 10 articles for AMD.
2026-08-07 13:54:31,203 [shared.api_clients.news_client] INFO — Finnhub: fetched 245 articles for AMD.
2026-08-07 13:54:40,674 [shared.api_clients.sec_edgar_client] INFO — SEC EDGAR: fetched 10 8-K filing(s) for AMD.
2026-08-07 13:54:40,748 [__main__] INFO — AMD: ACTIVE EVENT (trigger='tariff') — signal still logged, flagged for review
2026-08-07 13:54:40,748 [__main__] INFO — AMD: SCORE 50.1/100 (technical=18.4/40, positioning=12.3/20, sentiment=8.5/15, news=8.9/15, fundamental=4.0/10 as_of=2026-08-05) modifiers(regime=-2.0, macro=+0.0, sector_rotation=+0.0, earnings=+0.0, cross_ticker=+0.0, seasonality=+0.0, total=-2.0) direction=bullish qualifies=no
2026-08-07 13:54:41,329 [shared.api_clients.sentiment_client] INFO — StockTwits: fetched 30 messages for AVGO.
2026-08-07 13:54:43,645 [shared.api_clients.sentiment_client] INFO — Seeking Alpha: fetched 10 engagement items for AVGO.
2026-08-07 13:54:43,794 [shared.api_clients.news_client] INFO — Yahoo Finance: fetched 10 articles for AVGO.
2026-08-07 13:54:44,141 [shared.api_clients.news_client] INFO — Finnhub: fetched 130 articles for AVGO.
2026-08-07 13:54:46,605 [shared.api_clients.sec_edgar_client] INFO — SEC EDGAR: fetched 10 8-K filing(s) for AVGO.
2026-08-07 13:54:46,662 [__main__] INFO — AVGO: ACTIVE EVENT (trigger='tariff') — signal still logged, flagged for review
2026-08-07 13:54:46,662 [__main__] INFO — AVGO: SCORE 56.0/100 (technical=28.4/40, positioning=5.0/20, sentiment=12.0/15, news=7.8/15, fundamental=4.7/10 as_of=2026-08-07) modifiers(regime=-2.0, macro=+0.0, sector_rotation=+0.0, earnings=+0.0, cross_ticker=+0.0, seasonality=+0.0, total=-2.0) direction=bullish qualifies=no
2026-08-07 13:54:47,332 [shared.api_clients.sentiment_client] INFO — StockTwits: fetched 30 messages for TSM.
2026-08-07 13:54:49,942 [shared.api_clients.sentiment_client] INFO — Seeking Alpha: fetched 10 engagement items for TSM.
2026-08-07 13:54:50,088 [shared.api_clients.news_client] INFO — Yahoo Finance: fetched 10 articles for TSM.
2026-08-07 13:54:50,487 [shared.api_clients.news_client] INFO — Finnhub: fetched 21 articles for TSM.
2026-08-07 13:54:52,950 [shared.api_clients.sec_edgar_client] INFO — SEC EDGAR: fetched 0 8-K filing(s) for TSM.
2026-08-07 13:54:53,015 [__main__] INFO — TSM: ACTIVE EVENT (trigger='tariff') — signal still logged, flagged for review
2026-08-07 13:54:53,016 [__main__] INFO — TSM: SCORE 58.0/100 (technical=24.8/40, positioning=8.7/20, sentiment=7.0/15, news=9.4/15, fundamental=10.0/10 as_of=2026-08-06) modifiers(regime=-2.0, macro=+0.0, sector_rotation=+0.0, earnings=+0.0, cross_ticker=+0.0, seasonality=+0.0, total=-2.0) direction=bullish qualifies=no
2026-08-07 13:54:53,784 [shared.api_clients.sentiment_client] INFO — StockTwits: fetched 30 messages for MU.
2026-08-07 13:54:55,896 [shared.api_clients.sentiment_client] INFO — Seeking Alpha: fetched 10 engagement items for MU.
2026-08-07 13:54:56,053 [shared.api_clients.news_client] INFO — Yahoo Finance: fetched 10 articles for MU.
2026-08-07 13:54:56,401 [shared.api_clients.news_client] INFO — Finnhub: fetched 244 articles for MU.
2026-08-07 13:55:11,649 [shared.api_clients.sec_edgar_client] WARNING — [sec_edgar] Request failed (attempt 1): HTTPSConnectionPool(host='www.sec.gov', port=443): Read timed out. (read timeout=15). Retry in 30s.
2026-08-07 13:55:47,474 [shared.api_clients.sec_edgar_client] INFO — SEC EDGAR: fetched 10 8-K filing(s) for MU.
2026-08-07 13:55:47,546 [__main__] INFO — MU: ACTIVE EVENT (trigger='tariff') — signal still logged, flagged for review
2026-08-07 13:55:47,547 [__main__] INFO — MU: SCORE 60.0/100 (technical=19.2/40, positioning=14.0/20, sentiment=11.9/15, news=6.9/15, fundamental=10.0/10 as_of=2026-08-04) modifiers(regime=-2.0, macro=+0.0, sector_rotation=+0.0, earnings=+0.0, cross_ticker=+0.0, seasonality=+0.0, total=-2.0) direction=bullish qualifies=no
2026-08-07 13:55:51,236 [shared.api_clients.sentiment_client] INFO — StockTwits: fetched 30 messages for ASML.
2026-08-07 13:55:53,226 [shared.api_clients.sentiment_client] INFO — Seeking Alpha: fetched 10 engagement items for ASML.
2026-08-07 13:55:53,470 [shared.api_clients.news_client] INFO — Yahoo Finance: fetched 10 articles for ASML.
2026-08-07 13:55:53,815 [shared.api_clients.news_client] INFO — Finnhub: fetched 34 articles for ASML.
2026-08-07 13:56:09,065 [shared.api_clients.sec_edgar_client] WARNING — [sec_edgar] Request failed (attempt 1): HTTPSConnectionPool(host='www.sec.gov', port=443): Read timed out. (read timeout=15). Retry in 30s.
2026-08-07 13:56:51,948 [shared.api_clients.sec_edgar_client] INFO — SEC EDGAR: fetched 0 8-K filing(s) for ASML.
2026-08-07 13:56:52,005 [__main__] INFO — ASML: ACTIVE EVENT (trigger='tariff') — signal still logged, flagged for review
2026-08-07 13:56:52,005 [__main__] INFO — ASML: SCORE 64.7/100 (technical=23.9/40, positioning=13.3/20, sentiment=15.0/15, news=7.2/15, fundamental=7.3/10 as_of=2026-08-05) modifiers(regime=-2.0, macro=+0.0, sector_rotation=+0.0, earnings=+0.0, cross_ticker=+0.0, seasonality=+0.0, total=-2.0) direction=bullish qualifies=no
2026-08-07 13:56:52,649 [shared.api_clients.sentiment_client] INFO — StockTwits: fetched 30 messages for ZION.
2026-08-07 13:56:54,335 [shared.api_clients.sentiment_client] INFO — Seeking Alpha: fetched 10 engagement items for ZION.
2026-08-07 13:56:54,483 [shared.api_clients.news_client] INFO — Yahoo Finance: fetched 10 articles for ZION.
2026-08-07 13:56:54,861 [shared.api_clients.news_client] INFO — Finnhub: fetched 6 articles for ZION.
2026-08-07 13:57:08,451 [shared.api_clients.sec_edgar_client] INFO — SEC EDGAR: fetched 10 8-K filing(s) for ZION.
2026-08-07 13:57:08,513 [__main__] INFO — ZION: SCORE 41.1/100 (technical=24.0/40, positioning=7.2/20, sentiment=6.2/15, news=2.2/15, fundamental=3.3/10 as_of=2026-08-06) modifiers(regime=-2.0, macro=+0.0, sector_rotation=+0.0, earnings=+0.0, cross_ticker=+0.0, seasonality=+0.0, total=-2.0) direction=bullish qualifies=no
2026-08-07 13:57:09,175 [shared.api_clients.sentiment_client] INFO — StockTwits: fetched 30 messages for KEY.
2026-08-07 13:57:15,046 [shared.api_clients.sentiment_client] INFO — Seeking Alpha: fetched 10 engagement items for KEY.
2026-08-07 13:57:15,205 [shared.api_clients.news_client] INFO — Yahoo Finance: fetched 10 articles for KEY.
2026-08-07 13:57:15,576 [shared.api_clients.news_client] INFO — Finnhub: fetched 9 articles for KEY.
2026-08-07 13:57:16,126 [shared.api_clients.sec_edgar_client] INFO — SEC EDGAR: fetched 10 8-K filing(s) for KEY.
2026-08-07 13:57:16,187 [__main__] INFO — KEY: SCORE 45.1/100 (technical=21.8/40, positioning=10.5/20, sentiment=9.0/15, news=0.5/15, fundamental=5.3/10 as_of=2026-08-05) modifiers(regime=-2.0, macro=+0.0, sector_rotation=+0.0, earnings=+0.0, cross_ticker=+0.0, seasonality=+0.0, total=-2.0) direction=bullish qualifies=no
2026-08-07 13:57:16,814 [shared.api_clients.sentiment_client] INFO — StockTwits: fetched 30 messages for HBAN.
2026-08-07 13:57:18,731 [shared.api_clients.sentiment_client] INFO — Seeking Alpha: fetched 10 engagement items for HBAN.
2026-08-07 13:57:18,921 [shared.api_clients.news_client] INFO — Yahoo Finance: fetched 10 articles for HBAN.
2026-08-07 13:57:19,240 [shared.api_clients.news_client] INFO — Finnhub: fetched 2 articles for HBAN.
2026-08-07 13:57:19,697 [shared.api_clients.sec_edgar_client] INFO — SEC EDGAR: fetched 10 8-K filing(s) for HBAN.
2026-08-07 13:57:19,757 [__main__] INFO — HBAN: SCORE 53.8/100 (technical=27.2/40, positioning=9.4/20, sentiment=13.8/15, news=0.0/15, fundamental=5.3/10 as_of=2026-08-04) modifiers(regime=-2.0, macro=+0.0, sector_rotation=+0.0, earnings=+0.0, cross_ticker=+0.0, seasonality=+0.0, total=-2.0) direction=bullish qualifies=no
2026-08-07 13:57:20,453 [shared.api_clients.sentiment_client] INFO — StockTwits: fetched 30 messages for RF.
2026-08-07 13:57:22,059 [shared.api_clients.sentiment_client] INFO — Seeking Alpha: fetched 10 engagement items for RF.
2026-08-07 13:57:22,231 [shared.api_clients.news_client] INFO — Yahoo Finance: fetched 10 articles for RF.
2026-08-07 13:57:22,592 [shared.api_clients.news_client] INFO — Finnhub: fetched 6 articles for RF.
2026-08-07 13:57:23,099 [shared.api_clients.sec_edgar_client] INFO — SEC EDGAR: fetched 10 8-K filing(s) for RF.
2026-08-07 13:57:23,153 [__main__] INFO — RF: SCORE 54.7/100 (technical=26.3/40, positioning=11.7/20, sentiment=7.0/15, news=7.7/15, fundamental=4.0/10 as_of=2026-08-06) modifiers(regime=-2.0, macro=+0.0, sector_rotation=+0.0, earnings=+0.0, cross_ticker=+0.0, seasonality=+0.0, total=-2.0) direction=bullish qualifies=no
2026-08-07 13:57:23,783 [shared.api_clients.sentiment_client] INFO — StockTwits: fetched 30 messages for FITB.
2026-08-07 13:57:25,912 [shared.api_clients.sentiment_client] INFO — Seeking Alpha: fetched 10 engagement items for FITB.
2026-08-07 13:57:26,090 [shared.api_clients.news_client] INFO — Yahoo Finance: fetched 10 articles for FITB.
2026-08-07 13:57:26,439 [shared.api_clients.news_client] INFO — Finnhub: fetched 6 articles for FITB.
2026-08-07 13:57:27,962 [shared.api_clients.sec_edgar_client] INFO — SEC EDGAR: fetched 10 8-K filing(s) for FITB.
2026-08-07 13:57:28,024 [__main__] INFO — FITB: SCORE 40.9/100 (technical=24.8/40, positioning=9.2/20, sentiment=6.0/15, news=0.2/15, fundamental=2.7/10 as_of=2026-08-05) modifiers(regime=-2.0, macro=+0.0, sector_rotation=+0.0, earnings=+0.0, cross_ticker=+0.0, seasonality=+0.0, total=-2.0) direction=bullish qualifies=no
2026-08-07 13:57:28,074 [__main__] INFO — LLY: already logged today — skipped
2026-08-07 13:57:28,074 [__main__] INFO — PFE: already logged today — skipped
2026-08-07 13:57:28,698 [shared.api_clients.sentiment_client] INFO — StockTwits: fetched 30 messages for MRK.
2026-08-07 13:57:31,246 [shared.api_clients.sentiment_client] INFO — Seeking Alpha: fetched 10 engagement items for MRK.
2026-08-07 13:57:31,372 [shared.api_clients.news_client] INFO — Yahoo Finance: fetched 10 articles for MRK.
2026-08-07 13:57:31,732 [shared.api_clients.news_client] INFO — Finnhub: fetched 109 articles for MRK.
2026-08-07 13:57:32,150 [shared.api_clients.sec_edgar_client] INFO — SEC EDGAR: fetched 10 8-K filing(s) for MRK.
2026-08-07 13:57:32,242 [__main__] INFO — MRK: SCORE 66.1/100 (technical=28.5/40, positioning=10.9/20, sentiment=8.2/15, news=9.0/15, fundamental=4.5/10 as_of=2026-08-03) modifiers(regime=+5.0, macro=+0.0, sector_rotation=+0.0, earnings=+0.0, cross_ticker=+0.0, seasonality=+0.0, total=+5.0) direction=bullish qualifies=no
2026-08-07 13:57:33,309 [shared.api_clients.sentiment_client] INFO — StockTwits: fetched 29 messages for ABBV.
2026-08-07 13:57:35,410 [shared.api_clients.sentiment_client] INFO — Seeking Alpha: fetched 10 engagement items for ABBV.
2026-08-07 13:57:35,676 [shared.api_clients.news_client] INFO — Yahoo Finance: fetched 10 articles for ABBV.
2026-08-07 13:57:36,040 [shared.api_clients.news_client] INFO — Finnhub: fetched 81 articles for ABBV.
2026-08-07 13:57:49,547 [shared.api_clients.sec_edgar_client] INFO — SEC EDGAR: fetched 10 8-K filing(s) for ABBV.
2026-08-07 13:57:49,610 [__main__] INFO — ABBV: SCORE 52.2/100 (technical=21.3/40, positioning=12.3/20, sentiment=10.1/15, news=9.8/15, fundamental=3.7/10 as_of=2026-08-02) modifiers(regime=+5.0, macro=+0.0, sector_rotation=+0.0, earnings=+0.0, cross_ticker=-10.0, seasonality=+0.0, total=-5.0) direction=bullish qualifies=no
2026-08-07 13:57:50,137 [shared.api_clients.sentiment_client] INFO — StockTwits: fetched 28 messages for UNH.
2026-08-07 13:57:54,053 [shared.api_clients.sentiment_client] INFO — Seeking Alpha: fetched 10 engagement items for UNH.
2026-08-07 13:57:54,322 [shared.api_clients.news_client] INFO — Yahoo Finance: fetched 10 articles for UNH.
2026-08-07 13:57:54,672 [shared.api_clients.news_client] INFO — Finnhub: fetched 38 articles for UNH.
2026-08-07 13:57:55,272 [shared.api_clients.sec_edgar_client] INFO — SEC EDGAR: fetched 10 8-K filing(s) for UNH.
2026-08-07 13:57:55,338 [__main__] INFO — UNH: SCORE 45.7/100 (technical=14.6/40, positioning=14.0/20, sentiment=13.0/15, news=5.5/15, fundamental=3.7/10 as_of=2026-08-02) modifiers(regime=+5.0, macro=+0.0, sector_rotation=+0.0, earnings=+0.0, cross_ticker=-10.0, seasonality=+0.0, total=-5.0) direction=bullish qualifies=no
2026-08-07 13:57:56,044 [shared.api_clients.sentiment_client] INFO — StockTwits: fetched 30 messages for JNJ.
2026-08-07 13:57:57,963 [shared.api_clients.sentiment_client] INFO — Seeking Alpha: fetched 10 engagement items for JNJ.
2026-08-07 13:57:58,125 [shared.api_clients.news_client] INFO — Yahoo Finance: fetched 10 articles for JNJ.
2026-08-07 13:57:58,514 [shared.api_clients.news_client] INFO — Finnhub: fetched 74 articles for JNJ.
2026-08-07 13:58:13,780 [shared.api_clients.sec_edgar_client] WARNING — [sec_edgar] Request failed (attempt 1): HTTPSConnectionPool(host='www.sec.gov', port=443): Read timed out. (read timeout=15). Retry in 30s.
2026-08-07 13:58:44,359 [shared.api_clients.sec_edgar_client] INFO — SEC EDGAR: fetched 10 8-K filing(s) for JNJ.
2026-08-07 13:58:44,422 [__main__] INFO — JNJ: SCORE 58.6/100 (technical=24.6/40, positioning=7.0/20, sentiment=7.6/15, news=8.3/15, fundamental=6.1/10 as_of=2026-08-02) modifiers(regime=+5.0, macro=+0.0, sector_rotation=+0.0, earnings=+0.0, cross_ticker=+0.0, seasonality=+0.0, total=+5.0) direction=bullish qualifies=no
2026-08-07 13:58:44,479 [__main__] INFO — AMZN: already logged today — skipped
2026-08-07 13:58:45,104 [shared.api_clients.sentiment_client] INFO — StockTwits: fetched 30 messages for TSLA.
2026-08-07 13:58:47,332 [shared.api_clients.sentiment_client] INFO — Seeking Alpha: fetched 10 engagement items for TSLA.
2026-08-07 13:58:47,531 [shared.api_clients.news_client] INFO — Yahoo Finance: fetched 10 articles for TSLA.
2026-08-07 13:58:47,904 [shared.api_clients.news_client] INFO — Finnhub: fetched 242 articles for TSLA.
2026-08-07 13:58:48,321 [shared.api_clients.sec_edgar_client] INFO — SEC EDGAR: fetched 10 8-K filing(s) for TSLA.
2026-08-07 13:58:48,392 [__main__] INFO — TSLA: SCORE 52.8/100 (technical=8.5/40, positioning=14.0/20, sentiment=10.9/15, news=8.7/15, fundamental=0.7/10 as_of=2026-08-06) modifiers(regime=+5.0, macro=+0.0, sector_rotation=+0.0, earnings=+0.0, cross_ticker=+5.0, seasonality=+0.0, total=+10.0) direction=bullish qualifies=no
2026-08-07 13:58:49,039 [shared.api_clients.sentiment_client] INFO — StockTwits: fetched 30 messages for HD.
2026-08-07 13:58:52,150 [shared.api_clients.sentiment_client] INFO — Seeking Alpha: fetched 10 engagement items for HD.
2026-08-07 13:58:52,541 [shared.api_clients.news_client] INFO — Yahoo Finance: fetched 10 articles for HD.
2026-08-07 13:58:52,901 [shared.api_clients.news_client] INFO — Finnhub: fetched 36 articles for HD.
2026-08-07 13:58:56,641 [shared.api_clients.sec_edgar_client] INFO — SEC EDGAR: fetched 10 8-K filing(s) for HD.
2026-08-07 13:58:56,704 [__main__] INFO — HD: SCORE 67.3/100 (technical=29.5/40, positioning=14.5/20, sentiment=6.3/15, news=7.3/15, fundamental=4.7/10 as_of=2026-08-07) modifiers(regime=+5.0, macro=+0.0, sector_rotation=+0.0, earnings=-5.0, cross_ticker=+5.0, seasonality=+0.0, total=+5.0) direction=bullish qualifies=no
2026-08-07 13:58:57,738 [shared.api_clients.sentiment_client] INFO — StockTwits: fetched 30 messages for NKE.
2026-08-07 13:59:13,066 [shared.api_clients.sentiment_client] WARNING — RapidAPI request failed (attempt 1): HTTPSConnectionPool(host='seeking-alpha.p.rapidapi.com', port=443): Read timed out. (read timeout=15). Retry in 30s.
2026-08-07 13:59:44,714 [shared.api_clients.sentiment_client] INFO — Seeking Alpha: fetched 10 engagement items for NKE.
2026-08-07 13:59:44,868 [shared.api_clients.news_client] INFO — Yahoo Finance: fetched 10 articles for NKE.
2026-08-07 13:59:45,206 [shared.api_clients.news_client] INFO — Finnhub: fetched 56 articles for NKE.
2026-08-07 13:59:55,599 [shared.api_clients.sec_edgar_client] INFO — SEC EDGAR: fetched 10 8-K filing(s) for NKE.
2026-08-07 13:59:55,663 [__main__] INFO — NKE: SCORE 48.7/100 (technical=18.4/40, positioning=8.5/20, sentiment=8.1/15, news=10.0/15, fundamental=8.7/10 as_of=2026-08-07) modifiers(regime=+5.0, macro=+0.0, sector_rotation=+0.0, earnings=+0.0, cross_ticker=-10.0, seasonality=+0.0, total=-5.0) direction=bullish qualifies=no
2026-08-07 13:59:56,331 [shared.api_clients.sentiment_client] INFO — StockTwits: fetched 30 messages for SBUX.
2026-08-07 13:59:59,302 [shared.api_clients.sentiment_client] INFO — Seeking Alpha: fetched 10 engagement items for SBUX.
2026-08-07 13:59:59,457 [shared.api_clients.news_client] INFO — Yahoo Finance: fetched 10 articles for SBUX.
2026-08-07 13:59:59,800 [shared.api_clients.news_client] INFO — Finnhub: fetched 34 articles for SBUX.
2026-08-07 14:00:00,236 [shared.api_clients.sec_edgar_client] INFO — SEC EDGAR: fetched 10 8-K filing(s) for SBUX.
2026-08-07 14:00:00,374 [__main__] INFO — SBUX: SCORE 46.8/100 (technical=26.6/40, positioning=8.8/20, sentiment=5.8/15, news=7.4/15, fundamental=3.3/10 as_of=2026-08-07) modifiers(regime=+5.0, macro=+0.0, sector_rotation=+0.0, earnings=+0.0, cross_ticker=-10.0, seasonality=+0.0, total=-5.0) direction=bullish qualifies=no
2026-08-07 14:00:00,993 [shared.api_clients.sentiment_client] INFO — StockTwits: fetched 30 messages for TGT.
2026-08-07 14:00:04,207 [shared.api_clients.sentiment_client] INFO — Seeking Alpha: fetched 10 engagement items for TGT.
2026-08-07 14:00:04,367 [shared.api_clients.news_client] INFO — Yahoo Finance: fetched 10 articles for TGT.
2026-08-07 14:00:04,725 [shared.api_clients.news_client] INFO — Finnhub: fetched 40 articles for TGT.
2026-08-07 14:00:12,599 [shared.api_clients.sec_edgar_client] INFO — SEC EDGAR: fetched 10 8-K filing(s) for TGT.
2026-08-07 14:00:12,660 [__main__] INFO — TGT: SCORE 52.9/100 (technical=27.3/40, positioning=8.1/20, sentiment=8.5/15, news=3.0/15, fundamental=6.0/10 as_of=2026-08-07) modifiers(regime=+5.0, macro=+0.0, sector_rotation=+0.0, earnings=-5.0, cross_ticker=+0.0, seasonality=+0.0, total=+0.0) direction=bullish qualifies=no
2026-08-07 14:00:13,168 [__main__] INFO — Paper scan complete — 0 new signals logged to paper_trading\paper_trades.csv
Done — 0 paper signal(s) logged.
2026-09-03 14:19:03,329 [swing_model.indicator_pipeline] INFO — [post_close] Fetching OHLCV for: ['NVDA', 'AMD', 'AVGO', 'TSM', 'MU', 'ASML', 'TXN', 'ADI', 'AMAT', 'QCOM', 'KLAC', 'SMH']
2026-09-03 14:19:03,809 [swing_model.indicator_pipeline] INFO — NVDA: indicators computed (close=228.45, rsi=59.2, atr=7.46)
2026-09-03 14:19:03,819 [swing_model.indicator_pipeline] INFO — AMD: indicators computed (close=456.16, rsi=42.7, atr=22.50)
2026-09-03 14:19:03,828 [swing_model.indicator_pipeline] INFO — AVGO: indicators computed (close=357.16, rsi=37.5, atr=13.53)
2026-09-03 14:19:03,838 [swing_model.indicator_pipeline] INFO — TSM: indicators computed (close=417.01, rsi=49.6, atr=11.42)
2026-09-03 14:19:03,850 [swing_model.indicator_pipeline] INFO — MU: indicators computed (close=958.16, rsi=53.5, atr=54.47)
2026-09-03 14:19:03,859 [swing_model.indicator_pipeline] INFO — ASML: indicators computed (close=1646.19, rsi=38.9, atr=54.73)
2026-09-03 14:19:03,868 [swing_model.indicator_pipeline] INFO — TXN: indicators computed (close=253.83, rsi=37.0, atr=8.92)
2026-09-03 14:19:03,877 [swing_model.indicator_pipeline] INFO — ADI: indicators computed (close=356.50, rsi=38.0, atr=11.44)
2026-09-03 14:19:03,887 [swing_model.indicator_pipeline] INFO — AMAT: indicators computed (close=435.91, rsi=33.0, atr=23.71)
2026-09-03 14:19:03,898 [swing_model.indicator_pipeline] INFO — QCOM: indicators computed (close=168.57, rsi=52.9, atr=6.19)
2026-09-03 14:19:03,908 [swing_model.indicator_pipeline] INFO — KLAC: indicators computed (close=172.94, rsi=35.6, atr=8.92)
2026-09-03 14:19:03,913 [swing_model.indicator_pipeline] INFO — Loading cached fundamental data (last_updated: 2026-09-03T12:32:03.716210+00:00)
2026-09-03 14:19:03,928 [swing_model.indicator_pipeline] INFO — Loading cached positioning data (last_updated: 2026-09-03T12:32:12.341581+00:00)
2026-09-03 14:19:03,928 [swing_model.indicator_pipeline] INFO — Pipeline complete: 11/11 tickers processed successfully.
2026-09-03 14:19:03,928 [swing_model.indicator_pipeline] INFO — [post_close] Fetching OHLCV for: ['ZION', 'KEY', 'HBAN', 'RF', 'FITB', 'CFG', 'TFC', 'MTB', 'CFR', 'PNFP', 'ONB', 'UMBF', 'KRE']
2026-09-03 14:19:04,193 [swing_model.indicator_pipeline] INFO — ZION: indicators computed (close=69.31, rsi=52.8, atr=1.42)
2026-09-03 14:19:04,203 [swing_model.indicator_pipeline] INFO — KEY: indicators computed (close=22.12, rsi=50.4, atr=0.42)
2026-09-03 14:19:04,213 [swing_model.indicator_pipeline] INFO — HBAN: indicators computed (close=17.06, rsi=47.4, atr=0.35)
2026-09-03 14:19:04,218 [swing_model.indicator_pipeline] INFO — RF: Phase 9 validation failed (['ohlcv_open_out_of_range_2026-09-03 00:00:00+00:00']) — retrying fetch once in 15s
2026-09-03 14:19:19,361 [swing_model.indicator_pipeline] WARNING — RF: Phase 9 OHLCV validation failed (['ohlcv_open_out_of_range_2026-09-03 04:00:00+00:00']) — excluded.
2026-09-03 14:19:19,371 [swing_model.indicator_pipeline] INFO — FITB: indicators computed (close=54.97, rsi=45.9, atr=1.09)
2026-09-03 14:19:19,381 [swing_model.indicator_pipeline] INFO — CFG: indicators computed (close=70.83, rsi=50.2, atr=1.55)
2026-09-03 14:19:19,392 [swing_model.indicator_pipeline] INFO — TFC: indicators computed (close=51.61, rsi=54.6, atr=0.98)
2026-09-03 14:19:19,403 [swing_model.indicator_pipeline] INFO — MTB: indicators computed (close=240.06, rsi=48.4, atr=4.33)
2026-09-03 14:19:19,412 [swing_model.indicator_pipeline] INFO — CFR: indicators computed (close=162.73, rsi=51.7, atr=3.14)
2026-09-03 14:19:19,422 [swing_model.indicator_pipeline] INFO — PNFP: indicators computed (close=101.37, rsi=48.1, atr=2.44)
2026-09-03 14:19:19,431 [swing_model.indicator_pipeline] INFO — ONB: indicators computed (close=25.98, rsi=48.4, atr=0.46)
2026-09-03 14:19:19,442 [swing_model.indicator_pipeline] INFO — UMBF: indicators computed (close=143.44, rsi=47.8, atr=3.16)
2026-09-03 14:19:19,447 [swing_model.indicator_pipeline] INFO — Loading cached fundamental data (last_updated: 2026-09-03T12:32:03.716210+00:00)
2026-09-03 14:19:19,461 [swing_model.indicator_pipeline] INFO — Loading cached positioning data (last_updated: 2026-09-03T12:32:12.341581+00:00)
2026-09-03 14:19:19,462 [swing_model.indicator_pipeline] INFO — Pipeline complete: 11/12 tickers processed successfully.
2026-09-03 14:19:19,463 [swing_model.indicator_pipeline] INFO — [post_close] Fetching OHLCV for: ['LLY', 'PFE', 'MRK', 'ABBV', 'UNH', 'JNJ', 'AMGN', 'GILD', 'BMY', 'VRTX', 'TMO', 'ABT', 'ISRG', 'SYK', 'XLV']
2026-09-03 14:19:19,798 [swing_model.indicator_pipeline] INFO — LLY: indicators computed (close=1159.60, rsi=43.4, atr=36.48)
2026-09-03 14:19:19,807 [swing_model.indicator_pipeline] INFO — PFE: indicators computed (close=28.81, rsi=68.9, atr=0.60)
2026-09-03 14:19:19,816 [swing_model.indicator_pipeline] INFO — MRK: indicators computed (close=152.34, rsi=66.4, atr=4.11)
2026-09-03 14:19:19,827 [swing_model.indicator_pipeline] INFO — ABBV: indicators computed (close=260.21, rsi=55.5, atr=5.78)
2026-09-03 14:19:19,838 [swing_model.indicator_pipeline] INFO — UNH: indicators computed (close=400.94, rsi=49.8, atr=8.77)
2026-09-03 14:19:19,848 [swing_model.indicator_pipeline] INFO — JNJ: indicators computed (close=278.43, rsi=65.9, atr=5.65)
2026-09-03 14:19:19,857 [swing_model.indicator_pipeline] INFO — AMGN: indicators computed (close=444.12, rsi=69.2, atr=9.57)
2026-09-03 14:19:19,866 [swing_model.indicator_pipeline] INFO — GILD: indicators computed (close=151.22, rsi=68.3, atr=3.75)
2026-09-03 14:19:19,877 [swing_model.indicator_pipeline] INFO — BMY: indicators computed (close=68.09, rsi=64.1, atr=1.51)
2026-09-03 14:19:19,886 [swing_model.indicator_pipeline] INFO — VRTX: indicators computed (close=557.96, rsi=67.5, atr=13.01)
2026-09-03 14:19:19,896 [swing_model.indicator_pipeline] INFO — TMO: indicators computed (close=618.43, rsi=60.2, atr=16.22)
2026-09-03 14:19:19,905 [swing_model.indicator_pipeline] INFO — ABT: indicators computed (close=108.79, rsi=48.6, atr=2.82)
2026-09-03 14:19:19,915 [swing_model.indicator_pipeline] INFO — ISRG: indicators computed (close=369.83, rsi=44.8, atr=11.74)
2026-09-03 14:19:19,924 [swing_model.indicator_pipeline] INFO — SYK: indicators computed (close=307.99, rsi=36.4, atr=10.19)
2026-09-03 14:19:19,934 [swing_model.indicator_pipeline] INFO — Loading cached fundamental data (last_updated: 2026-09-03T12:32:03.716210+00:00)
2026-09-03 14:19:19,949 [swing_model.indicator_pipeline] INFO — Loading cached positioning data (last_updated: 2026-09-03T12:32:12.341581+00:00)
2026-09-03 14:19:19,949 [swing_model.indicator_pipeline] INFO — Pipeline complete: 14/14 tickers processed successfully.
2026-09-03 14:19:19,950 [swing_model.indicator_pipeline] INFO — [post_close] Fetching OHLCV for: ['AMZN', 'TSLA', 'HD', 'NKE', 'SBUX', 'TGT', 'MCD', 'BKNG', 'TJX', 'LOW', 'ORLY', 'XLY']
2026-09-03 14:19:20,158 [swing_model.indicator_pipeline] INFO — AMZN: indicators computed (close=258.90, rsi=49.9, atr=6.76)
2026-09-03 14:19:20,168 [swing_model.indicator_pipeline] INFO — TSLA: indicators computed (close=376.36, rsi=60.5, atr=14.52)
2026-09-03 14:19:20,178 [swing_model.indicator_pipeline] INFO — HD: indicators computed (close=318.07, rsi=34.1, atr=7.43)
2026-09-03 14:19:20,188 [swing_model.indicator_pipeline] INFO — NKE: indicators computed (close=38.77, rsi=43.3, atr=1.08)
2026-09-03 14:19:20,199 [swing_model.indicator_pipeline] INFO — SBUX: indicators computed (close=105.82, rsi=49.7, atr=2.49)
2026-09-03 14:19:20,208 [swing_model.indicator_pipeline] INFO — TGT: indicators computed (close=164.01, rsi=63.1, atr=4.55)
2026-09-03 14:19:20,217 [swing_model.indicator_pipeline] INFO — MCD: indicators computed (close=259.63, rsi=40.1, atr=4.83)
2026-09-03 14:19:20,227 [swing_model.indicator_pipeline] INFO — BKNG: indicators computed (close=195.13, rsi=43.5, atr=6.62)
2026-09-03 14:19:20,236 [swing_model.indicator_pipeline] INFO — TJX: indicators computed (close=132.19, rsi=22.9, atr=2.99)
2026-09-03 14:19:20,246 [swing_model.indicator_pipeline] INFO — LOW: indicators computed (close=201.90, rsi=37.2, atr=5.04)
2026-09-03 14:19:20,255 [swing_model.indicator_pipeline] INFO — ORLY: indicators computed (close=87.38, rsi=42.2, atr=2.02)
2026-09-03 14:19:20,263 [swing_model.indicator_pipeline] INFO — Loading cached fundamental data (last_updated: 2026-09-03T12:32:03.716210+00:00)
2026-09-03 14:19:20,275 [swing_model.indicator_pipeline] INFO — Loading cached positioning data (last_updated: 2026-09-03T12:32:12.341581+00:00)
2026-09-03 14:19:20,276 [swing_model.indicator_pipeline] INFO — Pipeline complete: 11/11 tickers processed successfully.
2026-09-03 14:21:35,651 [shared.utils.price_source_comparison] INFO — price_source_comparison: logged 48 ticker row(s) (post_close)
2026-09-03 14:21:47,433 [shared.api_clients.sec_edgar_client] INFO — SEC EDGAR: fetched 3 capex-context snippet(s) for AMZN.
2026-09-03 14:22:05,529 [shared.api_clients.sec_edgar_client] INFO — SEC EDGAR: fetched 3 capex-context snippet(s) for MSFT.
2026-09-03 14:22:17,275 [shared.api_clients.sec_edgar_client] INFO — SEC EDGAR: fetched 4 capex-context snippet(s) for GOOGL.
2026-09-03 14:22:47,533 [shared.api_clients._http_backoff] WARNING — [sec_edgar] Attempt 1 failed: HTTPSConnectionPool(host='www.sec.gov', port=443): Read timed out. (read timeout=30). Retrying in 30s.
2026-09-03 14:23:18,532 [shared.api_clients.sec_edgar_client] INFO — SEC EDGAR: fetched 0 capex-context snippet(s) for META.
2026-09-03 14:23:19,080 [shared.api_clients.sentiment_client] INFO — StockTwits: fetched 30 messages for NVDA.
2026-09-03 14:23:21,419 [shared.api_clients.sentiment_client] INFO — Seeking Alpha: fetched 10 engagement items for NVDA.
2026-09-03 14:23:22,676 [__main__] INFO — NVDA: SCORE 56.4/100 (technical=30.2/40, positioning=11.8/20, sentiment=7.0/15, news=10.5/15, fundamental=10.0/10 as_of=2026-09-02) modifiers(regime=-5.0, macro=+0.0, sector_rotation=-15.0, earnings=+0.0, cross_ticker=+0.0, seasonality=+2.0, total=-13.0) direction=bullish qualifies=no
2026-09-03 14:23:22,676 [__main__] INFO — NVDA: NOTE — regime (-5.0) and sector_rotation (-15.0) both reflect the same SMH move; deduped to -15.0 in total_modifier (larger magnitude used, not summed)
2026-09-03 14:23:23,388 [shared.api_clients.sentiment_client] INFO — StockTwits: fetched 30 messages for AMD.
2026-09-03 14:23:38,721 [shared.api_clients._http_backoff] WARNING — [RapidAPI seeking-alpha.p.rapidapi.com] Attempt 1 failed: HTTPSConnectionPool(host='seeking-alpha.p.rapidapi.com', port=443): Read timed out. (read timeout=15). Retrying in 30s.
2026-09-03 14:24:10,576 [shared.api_clients.sentiment_client] INFO — Seeking Alpha: fetched 10 engagement items for AMD.
2026-09-03 14:24:11,138 [shared.api_clients.news_client] INFO — AV news: fetched 50 articles for AMD.
2026-09-03 14:24:11,217 [__main__] INFO — AMD: SCORE 34.0/100 (technical=9.5/40, positioning=12.1/20, sentiment=8.4/15, news=13.7/15, fundamental=3.3/10 as_of=2026-09-02) modifiers(regime=-5.0, macro=+0.0, sector_rotation=-15.0, earnings=+0.0, cross_ticker=+0.0, seasonality=+2.0, total=-13.0) direction=bullish qualifies=no
2026-09-03 14:24:11,219 [__main__] INFO — AMD: NOTE — regime (-5.0) and sector_rotation (-15.0) both reflect the same SMH move; deduped to -15.0 in total_modifier (larger magnitude used, not summed)
2026-09-03 14:24:11,794 [shared.api_clients.sentiment_client] INFO — StockTwits: fetched 30 messages for AVGO.
2026-09-03 14:24:13,297 [shared.api_clients.sentiment_client] INFO — Seeking Alpha: fetched 10 engagement items for AVGO.
2026-09-03 14:24:13,446 [__main__] INFO — AVGO: SCORE 26.5/100 (technical=10.6/40, positioning=11.8/20, sentiment=7.8/15, news=10.4/15, fundamental=4.0/10 as_of=2026-09-03) modifiers(regime=-5.0, macro=+0.0, sector_rotation=-15.0, earnings=-5.0, cross_ticker=+0.0, seasonality=+2.0, total=-18.0) direction=bullish qualifies=no
2026-09-03 14:24:13,447 [__main__] INFO — AVGO: NOTE — regime (-5.0) and sector_rotation (-15.0) both reflect the same SMH move; deduped to -15.0 in total_modifier (larger magnitude used, not summed)
2026-09-03 14:24:14,166 [shared.api_clients.sentiment_client] INFO — StockTwits: fetched 30 messages for TSM.
2026-09-03 14:24:16,693 [shared.api_clients.sentiment_client] INFO — Seeking Alpha: fetched 10 engagement items for TSM.
2026-09-03 14:24:16,768 [__main__] INFO — TSM: Geopolitical risk ticker (-5 confidence penalty applied)
2026-09-03 14:24:16,769 [__main__] INFO — TSM: SCORE 48.1/100 (technical=23.9/40, positioning=14.6/20, sentiment=9.1/15, news=9.8/15, fundamental=8.7/10 as_of=2026-09-03) modifiers(regime=-5.0, macro=+0.0, sector_rotation=-15.0, earnings=+0.0, cross_ticker=+0.0, seasonality=+2.0, total=-13.0) direction=bullish qualifies=no
2026-09-03 14:24:16,769 [__main__] INFO — TSM: NOTE — regime (-5.0) and sector_rotation (-15.0) both reflect the same SMH move; deduped to -15.0 in total_modifier (larger magnitude used, not summed)
2026-09-03 14:24:17,377 [shared.api_clients.sentiment_client] INFO — StockTwits: fetched 30 messages for MU.
2026-09-03 14:24:19,803 [shared.api_clients.sentiment_client] INFO — Seeking Alpha: fetched 10 engagement items for MU.
2026-09-03 14:24:19,904 [shared.utils.event_gate] WARNING — EVENT GATE TRIGGERED — scope=sector tickers=['NVDA', 'AMD', 'AVGO', 'TSM', 'MU', 'ASML', 'TXN', 'ADI', 'AMAT', 'QCOM', 'KLAC'] trigger='tariff' source='cnbc.com'
2026-09-03 14:24:21,181 [__main__] INFO — MU: ACTIVE EVENT (trigger='tariff') — signal still logged, flagged for review
2026-09-03 14:24:21,181 [__main__] INFO — MU: SCORE 56.5/100 (technical=27.5/40, positioning=13.1/20, sentiment=11.3/15, news=8.9/15, fundamental=8.7/10 as_of=2026-09-01) modifiers(regime=-5.0, macro=+0.0, sector_rotation=-15.0, earnings=+0.0, cross_ticker=+0.0, seasonality=+2.0, total=-13.0) direction=bullish qualifies=no
2026-09-03 14:24:21,181 [__main__] INFO — MU: NOTE — regime (-5.0) and sector_rotation (-15.0) both reflect the same SMH move; deduped to -15.0 in total_modifier (larger magnitude used, not summed)
2026-09-03 14:24:21,883 [shared.api_clients.sentiment_client] INFO — StockTwits: fetched 30 messages for ASML.
2026-09-03 14:24:24,526 [shared.api_clients.sentiment_client] INFO — Seeking Alpha: fetched 10 engagement items for ASML.
2026-09-03 14:24:24,601 [__main__] INFO — ASML: Geopolitical risk ticker (-5 confidence penalty applied)
2026-09-03 14:24:24,601 [__main__] INFO — ASML: ACTIVE EVENT (trigger='tariff') — signal still logged, flagged for review
2026-09-03 14:24:24,602 [__main__] INFO — ASML: SCORE 20.1/100 (technical=9.9/40, positioning=8.2/20, sentiment=13.8/15, news=3.5/15, fundamental=2.7/10 as_of=2026-09-02) modifiers(regime=-5.0, macro=+0.0, sector_rotation=-15.0, earnings=+0.0, cross_ticker=+0.0, seasonality=+2.0, total=-13.0) direction=bullish qualifies=no
2026-09-03 14:24:24,602 [__main__] INFO — ASML: NOTE — regime (-5.0) and sector_rotation (-15.0) both reflect the same SMH move; deduped to -15.0 in total_modifier (larger magnitude used, not summed)
2026-09-03 14:24:25,189 [shared.api_clients.sentiment_client] INFO — StockTwits: fetched 30 messages for TXN.
2026-09-03 14:24:27,260 [shared.api_clients.sentiment_client] INFO — Seeking Alpha: fetched 10 engagement items for TXN.
2026-09-03 14:24:27,330 [__main__] INFO — TXN: ACTIVE EVENT (trigger='tariff') — signal still logged, flagged for review
2026-09-03 14:24:27,331 [__main__] INFO — TXN: SCORE 48.8/100 (technical=28.1/40, positioning=14.8/20, sentiment=4.2/15, news=4.7/15, fundamental=-6.0/10 as_of=2026-09-01) modifiers(regime=+5.0, macro=-0.0, sector_rotation=+5.0, earnings=+0.0, cross_ticker=+0.0, seasonality=-2.0, total=+3.0) direction=bearish qualifies=no
2026-09-03 14:24:27,331 [__main__] INFO — TXN: NOTE — regime (+5.0) and sector_rotation (+5.0) both reflect the same SMH move; deduped to +5.0 in total_modifier (larger magnitude used, not summed)
2026-09-03 14:24:27,941 [shared.api_clients.sentiment_client] INFO — StockTwits: fetched 30 messages for ADI.
2026-09-03 14:24:30,466 [shared.api_clients.sentiment_client] INFO — Seeking Alpha: fetched 10 engagement items for ADI.
2026-09-03 14:24:30,601 [__main__] INFO — ADI: ACTIVE EVENT (trigger='tariff') — signal still logged, flagged for review
2026-09-03 14:24:30,601 [__main__] INFO — ADI: SCORE 44.6/100 (technical=31.4/40, positioning=4.9/20, sentiment=10.2/15, news=3.0/15, fundamental=-8.0/10 as_of=2026-09-01) modifiers(regime=+5.0, macro=-0.0, sector_rotation=+5.0, earnings=+0.0, cross_ticker=+0.0, seasonality=-2.0, total=+3.0) direction=bearish qualifies=no
2026-09-03 14:24:30,601 [__main__] INFO — ADI: NOTE — regime (+5.0) and sector_rotation (+5.0) both reflect the same SMH move; deduped to +5.0 in total_modifier (larger magnitude used, not summed)
2026-09-03 14:24:31,228 [shared.api_clients.sentiment_client] INFO — StockTwits: fetched 30 messages for AMAT.
2026-09-03 14:24:32,943 [shared.api_clients.sentiment_client] INFO — Seeking Alpha: fetched 10 engagement items for AMAT.
2026-09-03 14:24:33,023 [__main__] INFO — AMAT: ACTIVE EVENT (trigger='tariff') — signal still logged, flagged for review
2026-09-03 14:24:33,023 [__main__] INFO — AMAT: SCORE 38.0/100 (technical=7.3/40, positioning=13.4/20, sentiment=10.1/15, news=12.9/15, fundamental=7.3/10 as_of=2026-09-03) modifiers(regime=-5.0, macro=+0.0, sector_rotation=-15.0, earnings=+0.0, cross_ticker=+0.0, seasonality=+2.0, total=-13.0) direction=bullish qualifies=no
2026-09-03 14:24:33,024 [__main__] INFO — AMAT: NOTE — regime (-5.0) and sector_rotation (-15.0) both reflect the same SMH move; deduped to -15.0 in total_modifier (larger magnitude used, not summed)
2026-09-03 14:24:33,662 [shared.api_clients.sentiment_client] INFO — StockTwits: fetched 30 messages for QCOM.
2026-09-03 14:24:37,410 [shared.api_clients.sentiment_client] INFO — Seeking Alpha: fetched 10 engagement items for QCOM.
2026-09-03 14:24:37,486 [__main__] INFO — QCOM: ACTIVE EVENT (trigger='tariff') — signal still logged, flagged for review
2026-09-03 14:24:37,486 [__main__] INFO — QCOM: SCORE 58.6/100 (technical=27.9/40, positioning=14.8/20, sentiment=12.5/15, news=10.2/15, fundamental=4.0/10 as_of=2026-09-02) modifiers(regime=-5.0, macro=+0.0, sector_rotation=-12.7, earnings=+0.0, cross_ticker=+0.0, seasonality=+2.0, total=-10.7) direction=bullish qualifies=no
2026-09-03 14:24:37,486 [__main__] INFO — QCOM: NOTE — regime (-5.0) and sector_rotation (-12.7) both reflect the same SMH move; deduped to -12.7 in total_modifier (larger magnitude used, not summed)
2026-09-03 14:24:38,132 [shared.api_clients.sentiment_client] INFO — StockTwits: fetched 30 messages for KLAC.
2026-09-03 14:24:39,779 [shared.api_clients.sentiment_client] INFO — Seeking Alpha: fetched 10 engagement items for KLAC.
2026-09-03 14:24:39,854 [__main__] INFO — KLAC: ACTIVE EVENT (trigger='tariff') — signal still logged, flagged for review
2026-09-03 14:24:39,854 [__main__] INFO — KLAC: SCORE 22.6/100 (technical=9.3/40, positioning=9.0/20, sentiment=4.5/15, news=8.7/15, fundamental=4.0/10 as_of=2026-08-25) modifiers(regime=-5.0, macro=+0.0, sector_rotation=-15.0, earnings=+0.0, cross_ticker=+0.0, seasonality=+2.0, total=-13.0) direction=bullish qualifies=no
2026-09-03 14:24:39,854 [__main__] INFO — KLAC: NOTE — regime (-5.0) and sector_rotation (-15.0) both reflect the same SMH move; deduped to -15.0 in total_modifier (larger magnitude used, not summed)
2026-09-03 14:24:40,584 [shared.api_clients.sentiment_client] INFO — StockTwits: fetched 30 messages for ZION.
2026-09-03 14:24:43,010 [shared.api_clients.sentiment_client] INFO — Seeking Alpha: fetched 10 engagement items for ZION.
2026-09-03 14:24:43,085 [__main__] INFO — ZION: SCORE 45.1/100 (technical=22.9/40, positioning=10.2/20, sentiment=7.5/15, news=3.5/15, fundamental=-4.0/10 as_of=2026-09-03) modifiers(regime=+5.0, macro=-0.0, sector_rotation=-0.0, earnings=+0.0, cross_ticker=+0.0, seasonality=-0.0, total=+5.0) direction=bearish qualifies=no
2026-09-03 14:24:43,662 [shared.api_clients.sentiment_client] INFO — StockTwits: fetched 30 messages for KEY.
2026-09-03 14:24:47,766 [shared.api_clients.sentiment_client] INFO — Seeking Alpha: fetched 10 engagement items for KEY.
2026-09-03 14:24:47,918 [__main__] INFO — KEY: SCORE 47.0/100 (technical=27.6/40, positioning=9.8/20, sentiment=7.5/15, news=3.1/15, fundamental=-6.0/10 as_of=2026-09-02) modifiers(regime=+5.0, macro=-0.0, sector_rotation=-0.0, earnings=+0.0, cross_ticker=+0.0, seasonality=-0.0, total=+5.0) direction=bearish qualifies=no
2026-09-03 14:24:48,581 [shared.api_clients.sentiment_client] INFO — StockTwits: fetched 30 messages for HBAN.
2026-09-03 14:24:51,365 [shared.api_clients.sentiment_client] INFO — Seeking Alpha: fetched 10 engagement items for HBAN.
2026-09-03 14:24:51,434 [__main__] INFO — HBAN: SCORE 54.1/100 (technical=30.6/40, positioning=11.6/20, sentiment=6.6/15, news=5.0/15, fundamental=-4.7/10 as_of=2026-09-01) modifiers(regime=+5.0, macro=-0.0, sector_rotation=-0.0, earnings=+0.0, cross_ticker=+0.0, seasonality=-0.0, total=+5.0) direction=bearish qualifies=no
2026-09-03 14:24:52,127 [shared.api_clients.sentiment_client] INFO — StockTwits: fetched 30 messages for FITB.
2026-09-03 14:24:57,583 [shared.api_clients.sentiment_client] INFO — Seeking Alpha: fetched 10 engagement items for FITB.
2026-09-03 14:24:57,669 [__main__] INFO — FITB: SCORE 54.8/100 (technical=31.0/40, positioning=9.4/20, sentiment=9.0/15, news=3.1/15, fundamental=-2.7/10 as_of=2026-09-02) modifiers(regime=+5.0, macro=-0.0, sector_rotation=-0.0, earnings=+0.0, cross_ticker=+0.0, seasonality=-0.0, total=+5.0) direction=bearish qualifies=no
2026-09-03 14:24:58,361 [shared.api_clients.sentiment_client] INFO — StockTwits: fetched 30 messages for CFG.
2026-09-03 14:25:02,655 [shared.api_clients.sentiment_client] INFO — Seeking Alpha: fetched 10 engagement items for CFG.
2026-09-03 14:25:02,725 [__main__] INFO — CFG: SCORE 53.1/100 (technical=22.2/40, positioning=15.0/20, sentiment=6.0/15, news=10.2/15, fundamental=4.7/10 as_of=2026-09-03) modifiers(regime=-5.0, macro=+0.0, sector_rotation=+0.0, earnings=+0.0, cross_ticker=+0.0, seasonality=+0.0, total=-5.0) direction=bullish qualifies=no
2026-09-03 14:25:03,405 [shared.api_clients.sentiment_client] INFO — StockTwits: fetched 30 messages for TFC.
2026-09-03 14:25:05,558 [shared.api_clients.sentiment_client] INFO — Seeking Alpha: fetched 10 engagement items for TFC.
2026-09-03 14:25:05,638 [__main__] INFO — TFC: SCORE 62.5/100 (technical=31.1/40, positioning=14.0/20, sentiment=6.0/15, news=10.4/15, fundamental=6.0/10 as_of=2026-09-01) modifiers(regime=-5.0, macro=+0.0, sector_rotation=+0.0, earnings=+0.0, cross_ticker=+0.0, seasonality=+0.0, total=-5.0) direction=bullish qualifies=no
2026-09-03 14:25:06,364 [shared.api_clients.sentiment_client] INFO — StockTwits: fetched 30 messages for MTB.
2026-09-03 14:25:09,782 [shared.api_clients.sentiment_client] INFO — Seeking Alpha: fetched 10 engagement items for MTB.
2026-09-03 14:25:09,933 [__main__] INFO — MTB: SCORE 51.6/100 (technical=32.8/40, positioning=7.0/20, sentiment=9.0/15, news=3.1/15, fundamental=-5.3/10 as_of=2026-09-03) modifiers(regime=+5.0, macro=-0.0, sector_rotation=-0.0, earnings=+0.0, cross_ticker=+0.0, seasonality=-0.0, total=+5.0) direction=bearish qualifies=no
2026-09-03 14:25:10,638 [shared.api_clients.sentiment_client] INFO — StockTwits: fetched 30 messages for CFR.
2026-09-03 14:25:12,552 [shared.api_clients.sentiment_client] INFO — Seeking Alpha: fetched 10 engagement items for CFR.
2026-09-03 14:25:12,625 [__main__] INFO — CFR: SCORE 51.8/100 (technical=27.4/40, positioning=10.8/20, sentiment=7.5/15, news=8.5/15, fundamental=2.5/10 as_of=2026-08-25) modifiers(regime=-5.0, macro=+0.0, sector_rotation=+0.0, earnings=+0.0, cross_ticker=+0.0, seasonality=+0.0, total=-5.0) direction=bullish qualifies=no
2026-09-03 14:25:13,324 [shared.api_clients.sentiment_client] INFO — StockTwits: fetched 30 messages for PNFP.
2026-09-03 14:25:15,290 [shared.api_clients.sentiment_client] INFO — Seeking Alpha: fetched 10 engagement items for PNFP.
2026-09-03 14:25:15,365 [__main__] INFO — PNFP: SCORE 44.4/100 (technical=21.1/40, positioning=9.1/20, sentiment=7.5/15, news=7.1/15, fundamental=4.7/10 as_of=2026-09-03) modifiers(regime=-5.0, macro=+0.0, sector_rotation=+0.0, earnings=+0.0, cross_ticker=+0.0, seasonality=+0.0, total=-5.0) direction=bullish qualifies=no
2026-09-03 14:25:16,071 [shared.api_clients.sentiment_client] INFO — StockTwits: fetched 30 messages for ONB.
2026-09-03 14:25:17,838 [shared.api_clients.sentiment_client] INFO — Seeking Alpha: fetched 10 engagement items for ONB.
2026-09-03 14:25:17,907 [__main__] INFO — ONB: SCORE 50.4/100 (technical=33.4/40, positioning=7.0/20, sentiment=6.0/15, news=5.0/15, fundamental=-6.0/10 as_of=2026-09-01) modifiers(regime=+5.0, macro=-0.0, sector_rotation=-0.0, earnings=+0.0, cross_ticker=+0.0, seasonality=-0.0, total=+5.0) direction=bearish qualifies=no
2026-09-03 14:25:18,609 [shared.api_clients.sentiment_client] INFO — StockTwits: fetched 30 messages for UMBF.
2026-09-03 14:25:20,769 [shared.api_clients.sentiment_client] INFO — Seeking Alpha: fetched 10 engagement items for UMBF.
2026-09-03 14:25:20,850 [__main__] INFO — UMBF: SCORE 56.2/100 (technical=22.4/40, positioning=15.0/20, sentiment=7.5/15, news=10.8/15, fundamental=5.5/10 as_of=2026-08-25) modifiers(regime=-5.0, macro=+0.0, sector_rotation=+0.0, earnings=+0.0, cross_ticker=+0.0, seasonality=+0.0, total=-5.0) direction=bullish qualifies=no
2026-09-03 14:25:21,532 [shared.api_clients.sentiment_client] INFO — StockTwits: fetched 30 messages for LLY.
2026-09-03 14:25:24,215 [shared.api_clients.sentiment_client] INFO — Seeking Alpha: fetched 10 engagement items for LLY.
2026-09-03 14:25:24,299 [__main__] INFO — LLY: SCORE 50.1/100 (technical=8.0/40, positioning=13.4/20, sentiment=8.2/15, news=10.2/15, fundamental=5.3/10 as_of=2026-09-03) modifiers(regime=+5.0, macro=+0.0, sector_rotation=+0.0, earnings=+0.0, cross_ticker=+0.0, seasonality=+0.0, total=+5.0) direction=bullish qualifies=no
2026-09-03 14:25:25,067 [shared.api_clients.sentiment_client] INFO — StockTwits: fetched 30 messages for PFE.
2026-09-03 14:25:27,109 [shared.api_clients.sentiment_client] INFO — Seeking Alpha: fetched 10 engagement items for PFE.
2026-09-03 14:25:27,203 [__main__] INFO — PFE: SCORE 69.3/100 (technical=27.7/40, positioning=10.6/20, sentiment=11.3/15, news=11.4/15, fundamental=3.3/10 as_of=2026-09-02) modifiers(regime=+5.0, macro=+0.0, sector_rotation=+0.0, earnings=+0.0, cross_ticker=+0.0, seasonality=+0.0, total=+5.0) direction=bullish qualifies=no
2026-09-03 14:25:28,322 [shared.api_clients.sentiment_client] INFO — StockTwits: fetched 30 messages for MRK.
2026-09-03 14:25:30,148 [shared.api_clients.sentiment_client] INFO — Seeking Alpha: fetched 10 engagement items for MRK.
2026-09-03 14:25:30,159 [shared.utils.event_gate] INFO — Sector trigger 'patient death' (healthcare) matched but the headline names no company relevant to this sector — not treated as sector-critical. Headline: Novartis Reports 3 Patient Deaths. Why the Stock Is Heading for Its Best Day Since 2023.
2026-09-03 14:25:30,159 [shared.utils.event_gate] INFO — Sector trigger 'patient death' (healthcare) matched but the headline names no company relevant to this sector — not treated as sector-critical. Headline: Why Novartis Stock Is Heading for Its Best Day Since 2023 After 3 Patient Deaths
2026-09-03 14:25:30,167 [shared.utils.event_gate] INFO — Sector trigger 'patient death' (healthcare) matched but the headline names no company relevant to this sector — not treated as sector-critical. Headline: Novartis Reports 3 Patient Deaths. Why the Stock Is Heading for Its Best Day Since 2023.
2026-09-03 14:25:30,168 [shared.utils.event_gate] INFO — Sector trigger 'patient death' (healthcare) matched but the headline names no company relevant to this sector — not treated as sector-critical. Headline: Why Novartis Stock Is Heading for Its Best Day Since 2023 After 3 Patient Deaths
2026-09-03 14:25:30,229 [__main__] INFO — MRK: SCORE 66.5/100 (technical=34.9/40, positioning=9.7/20, sentiment=6.0/15, news=8.9/15, fundamental=2.0/10 as_of=2026-09-01) modifiers(regime=+5.0, macro=+0.0, sector_rotation=+0.0, earnings=+0.0, cross_ticker=+0.0, seasonality=+0.0, total=+5.0) direction=bullish qualifies=no
2026-09-03 14:25:30,231 [__main__] INFO — MRK: already logged to the threshold track today — no second threshold signal (still ranked for the rank track)
2026-09-03 14:25:30,869 [shared.api_clients.sentiment_client] INFO — StockTwits: fetched 30 messages for ABBV.
2026-09-03 14:25:32,606 [shared.api_clients.sentiment_client] INFO — Seeking Alpha: fetched 10 engagement items for ABBV.
2026-09-03 14:25:32,687 [__main__] INFO — ABBV: SCORE 61.3/100 (technical=26.5/40, positioning=10.2/20, sentiment=6.5/15, news=9.2/15, fundamental=4.0/10 as_of=2026-09-02) modifiers(regime=+5.0, macro=+0.0, sector_rotation=+0.0, earnings=+0.0, cross_ticker=+0.0, seasonality=+0.0, total=+5.0) direction=bullish qualifies=no
2026-09-03 14:25:33,316 [shared.api_clients.sentiment_client] INFO — StockTwits: fetched 30 messages for UNH.
2026-09-03 14:25:36,265 [shared.api_clients.sentiment_client] INFO — Seeking Alpha: fetched 10 engagement items for UNH.
2026-09-03 14:25:36,345 [__main__] INFO — UNH: SCORE 64.2/100 (technical=22.2/40, positioning=10.6/20, sentiment=13.2/15, news=9.1/15, fundamental=4.0/10 as_of=2026-09-01) modifiers(regime=+5.0, macro=+0.0, sector_rotation=+0.0, earnings=+0.0, cross_ticker=+0.0, seasonality=+0.0, total=+5.0) direction=bullish qualifies=no
2026-09-03 14:25:37,285 [shared.api_clients.sentiment_client] INFO — StockTwits: fetched 30 messages for JNJ.
2026-09-03 14:25:39,399 [shared.api_clients.sentiment_client] INFO — Seeking Alpha: fetched 10 engagement items for JNJ.
2026-09-03 14:25:39,476 [__main__] INFO — JNJ: SCORE 78.9/100 (technical=31.9/40, positioning=14.1/20, sentiment=9.0/15, news=12.2/15, fundamental=6.7/10 as_of=2026-08-31) modifiers(regime=+5.0, macro=+0.0, sector_rotation=+0.0, earnings=+0.0, cross_ticker=+0.0, seasonality=+0.0, total=+5.0) direction=bullish qualifies=yes
2026-09-03 14:25:39,478 [__main__] INFO — JNJ: qualifies (78.9) but already has a filled open position — skipped (duplicate-position guard)
2026-09-03 14:25:40,002 [shared.api_clients.sentiment_client] INFO — StockTwits: fetched 30 messages for AMGN.
2026-09-03 14:25:41,911 [shared.api_clients.sentiment_client] INFO — Seeking Alpha: fetched 10 engagement items for AMGN.
2026-09-03 14:25:42,032 [__main__] INFO — AMGN: SCORE 64.6/100 (technical=28.9/40, positioning=9.4/20, sentiment=5.3/15, news=8.6/15, fundamental=7.3/10 as_of=2026-09-03) modifiers(regime=+5.0, macro=+0.0, sector_rotation=+0.0, earnings=+0.0, cross_ticker=+0.0, seasonality=+0.0, total=+5.0) direction=bullish qualifies=no
2026-09-03 14:25:42,584 [shared.api_clients.sentiment_client] INFO — StockTwits: fetched 30 messages for GILD.
2026-09-03 14:25:44,874 [shared.api_clients.sentiment_client] INFO — Seeking Alpha: fetched 10 engagement items for GILD.
2026-09-03 14:25:44,947 [__main__] INFO — GILD: SCORE 71.4/100 (technical=30.2/40, positioning=15.0/20, sentiment=10.2/15, news=8.9/15, fundamental=2.0/10 as_of=2026-09-02) modifiers(regime=+5.0, macro=+0.0, sector_rotation=+0.0, earnings=+0.0, cross_ticker=+0.0, seasonality=+0.0, total=+5.0) direction=bullish qualifies=yes
2026-09-03 14:25:44,949 [__main__] INFO — GILD: already logged to the threshold track today — no second threshold signal (still ranked for the rank track)
2026-09-03 14:25:45,595 [shared.api_clients.sentiment_client] INFO — StockTwits: fetched 30 messages for BMY.
2026-09-03 14:25:48,364 [shared.api_clients.sentiment_client] INFO — Seeking Alpha: fetched 10 engagement items for BMY.
2026-09-03 14:25:48,371 [shared.utils.event_gate] INFO — Sector trigger 'patient death' (healthcare) matched but the headline names no company relevant to this sector — not treated as sector-critical. Headline: Novartis Reports 3 Patient Deaths. Why the Stock Is Heading for Its Best Day Since 2023.
2026-09-03 14:25:48,375 [shared.utils.event_gate] INFO — Sector trigger 'patient death' (healthcare) matched but the headline names no company relevant to this sector — not treated as sector-critical. Headline: Novartis Reports 3 Patient Deaths. Why the Stock Is Heading for Its Best Day Since 2023.
2026-09-03 14:25:48,435 [__main__] INFO — BMY: SCORE 64.0/100 (technical=25.4/40, positioning=10.1/20, sentiment=7.3/15, news=9.5/15, fundamental=6.7/10 as_of=2026-09-03) modifiers(regime=+5.0, macro=+0.0, sector_rotation=+0.0, earnings=+0.0, cross_ticker=+0.0, seasonality=+0.0, total=+5.0) direction=bullish qualifies=no
2026-09-03 14:25:49,153 [shared.api_clients.sentiment_client] INFO — StockTwits: fetched 30 messages for VRTX.
2026-09-03 14:25:54,060 [shared.api_clients.sentiment_client] INFO — Seeking Alpha: fetched 10 engagement items for VRTX.
2026-09-03 14:25:54,132 [__main__] INFO — VRTX: SCORE 66.3/100 (technical=29.9/40, positioning=8.9/20, sentiment=13.8/15, news=4.1/15, fundamental=4.7/10 as_of=2026-09-01) modifiers(regime=+5.0, macro=+0.0, sector_rotation=+0.0, earnings=+0.0, cross_ticker=+0.0, seasonality=+0.0, total=+5.0) direction=bullish qualifies=no
2026-09-03 14:25:55,325 [shared.api_clients.sentiment_client] INFO — StockTwits: fetched 30 messages for TMO.
2026-09-03 14:25:57,431 [shared.api_clients.sentiment_client] INFO — Seeking Alpha: fetched 10 engagement items for TMO.
2026-09-03 14:25:57,505 [__main__] INFO — TMO: SCORE 63.3/100 (technical=24.5/40, positioning=13.5/20, sentiment=6.0/15, news=8.4/15, fundamental=6.0/10 as_of=2026-09-03) modifiers(regime=+5.0, macro=+0.0, sector_rotation=+0.0, earnings=+0.0, cross_ticker=+0.0, seasonality=+0.0, total=+5.0) direction=bullish qualifies=no
2026-09-03 14:25:58,158 [shared.api_clients.sentiment_client] INFO — StockTwits: fetched 30 messages for ABT.
2026-09-03 14:26:01,299 [shared.api_clients.sentiment_client] INFO — Seeking Alpha: fetched 10 engagement items for ABT.
2026-09-03 14:26:01,376 [__main__] INFO — ABT: SCORE 55.2/100 (technical=17.6/40, positioning=14.1/20, sentiment=4.8/15, news=7.8/15, fundamental=6.0/10 as_of=2026-09-02) modifiers(regime=+5.0, macro=+0.0, sector_rotation=+0.0, earnings=+0.0, cross_ticker=+0.0, seasonality=+0.0, total=+5.0) direction=bullish qualifies=no
2026-09-03 14:26:02,069 [shared.api_clients.sentiment_client] INFO — StockTwits: fetched 30 messages for ISRG.
2026-09-03 14:26:03,705 [shared.api_clients.sentiment_client] INFO — Seeking Alpha: fetched 10 engagement items for ISRG.
2026-09-03 14:26:03,777 [__main__] INFO — ISRG: SCORE 45.9/100 (technical=18.7/40, positioning=6.2/20, sentiment=3.6/15, news=7.7/15, fundamental=4.7/10 as_of=2026-09-02) modifiers(regime=+5.0, macro=+0.0, sector_rotation=+0.0, earnings=+0.0, cross_ticker=+0.0, seasonality=+0.0, total=+5.0) direction=bullish qualifies=no
2026-09-03 14:26:04,410 [shared.api_clients.sentiment_client] INFO — StockTwits: fetched 30 messages for SYK.
2026-09-03 14:26:08,337 [shared.api_clients.sentiment_client] INFO — Seeking Alpha: fetched 10 engagement items for SYK.
2026-09-03 14:26:08,499 [__main__] INFO — SYK: SCORE 38.6/100 (technical=32.7/40, positioning=7.1/20, sentiment=6.0/15, news=4.5/15, fundamental=-6.7/10 as_of=2026-09-03) modifiers(regime=-5.0, macro=-0.0, sector_rotation=-0.0, earnings=+0.0, cross_ticker=+0.0, seasonality=-0.0, total=-5.0) direction=bearish qualifies=no
2026-09-03 14:26:09,178 [shared.api_clients.sentiment_client] INFO — StockTwits: fetched 30 messages for AMZN.
2026-09-03 14:26:11,446 [shared.api_clients.sentiment_client] INFO — Seeking Alpha: fetched 10 engagement items for AMZN.
2026-09-03 14:26:11,621 [__main__] INFO — AMZN: SCORE 59.0/100 (technical=23.1/40, positioning=14.5/20, sentiment=12.1/15, news=9.0/15, fundamental=5.3/10 as_of=2026-08-31) modifiers(regime=-5.0, macro=+0.0, sector_rotation=+0.0, earnings=+0.0, cross_ticker=+0.0, seasonality=+0.0, total=-5.0) direction=bullish qualifies=no
2026-09-03 14:26:12,239 [shared.api_clients.sentiment_client] INFO — StockTwits: fetched 30 messages for TSLA.
2026-09-03 14:26:14,339 [shared.api_clients.sentiment_client] INFO — Seeking Alpha: fetched 10 engagement items for TSLA.
2026-09-03 14:26:14,453 [__main__] INFO — TSLA: SCORE 56.5/100 (technical=28.1/40, positioning=11.1/20, sentiment=13.8/15, news=10.3/15, fundamental=-1.8/10 as_of=2026-08-28) modifiers(regime=-5.0, macro=+0.0, sector_rotation=+0.0, earnings=+0.0, cross_ticker=+0.0, seasonality=+0.0, total=-5.0) direction=bullish qualifies=no
2026-09-03 14:26:15,139 [shared.api_clients.sentiment_client] INFO — StockTwits: fetched 30 messages for HD.
2026-09-03 14:26:16,711 [shared.api_clients.sentiment_client] INFO — Seeking Alpha: fetched 10 engagement items for HD.
2026-09-03 14:26:16,789 [__main__] INFO — HD: SCORE 53.2/100 (technical=32.9/40, positioning=8.7/20, sentiment=6.5/15, news=4.8/15, fundamental=-4.7/10 as_of=2026-08-28) modifiers(regime=+5.0, macro=-0.0, sector_rotation=-0.0, earnings=+0.0, cross_ticker=+0.0, seasonality=-0.0, total=+5.0) direction=bearish qualifies=no
2026-09-03 14:26:17,390 [shared.api_clients.sentiment_client] INFO — StockTwits: fetched 30 messages for NKE.
2026-09-03 14:26:19,612 [shared.api_clients.sentiment_client] INFO — Seeking Alpha: fetched 10 engagement items for NKE.
2026-09-03 14:26:20,169 [shared.api_clients.news_client] INFO — AV news: fetched 50 articles for NKE.
2026-09-03 14:26:20,236 [shared.utils.event_gate] WARNING — EVENT GATE TRIGGERED — scope=sector tickers=['AMZN', 'TSLA', 'HD', 'NKE', 'SBUX', 'TGT', 'MCD', 'BKNG', 'TJX', 'LOW', 'ORLY'] trigger='guidance cut' source='yahoo.com'
2026-09-03 14:26:20,702 [__main__] INFO — NKE: ACTIVE EVENT (trigger='guidance cut') — signal still logged, flagged for review
2026-09-03 14:26:20,702 [__main__] INFO — NKE: SCORE 53.5/100 (technical=31.2/40, positioning=9.1/20, sentiment=10.9/15, news=4.6/15, fundamental=-7.3/10 as_of=2026-09-03) modifiers(regime=+5.0, macro=-0.0, sector_rotation=-0.0, earnings=+0.0, cross_ticker=+0.0, seasonality=-0.0, total=+5.0) direction=bearish qualifies=no
2026-09-03 14:26:21,419 [shared.api_clients.sentiment_client] INFO — StockTwits: fetched 30 messages for SBUX.
2026-09-03 14:26:23,164 [shared.api_clients.sentiment_client] INFO — Seeking Alpha: fetched 10 engagement items for SBUX.
2026-09-03 14:26:23,715 [shared.api_clients.news_client] INFO — AV news: fetched 50 articles for SBUX.
2026-09-03 14:26:23,814 [shared.utils.event_gate] WARNING — EVENT GATE TRIGGERED — scope=sector tickers=['AMZN', 'TSLA', 'HD', 'NKE', 'SBUX', 'TGT', 'MCD', 'BKNG', 'TJX', 'LOW', 'ORLY'] trigger='boycott' source='finance.yahoo.com'
2026-09-03 14:26:24,281 [__main__] INFO — SBUX: ACTIVE EVENT (trigger='boycott') — signal still logged, flagged for review
2026-09-03 14:26:24,281 [__main__] INFO — SBUX: SCORE 58.1/100 (technical=26.4/40, positioning=13.0/20, sentiment=12.0/15, news=9.7/15, fundamental=2.0/10 as_of=2026-08-31) modifiers(regime=-5.0, macro=+0.0, sector_rotation=+0.0, earnings=+0.0, cross_ticker=+0.0, seasonality=+0.0, total=-5.0) direction=bullish qualifies=no
2026-09-03 14:26:24,982 [shared.api_clients.sentiment_client] INFO — StockTwits: fetched 30 messages for TGT.
2026-09-03 14:26:28,301 [shared.api_clients.sentiment_client] INFO — Seeking Alpha: fetched 10 engagement items for TGT.
2026-09-03 14:26:28,373 [__main__] INFO — TGT: ACTIVE EVENT (trigger='guidance cut') — signal still logged, flagged for review
2026-09-03 14:26:28,373 [__main__] INFO — TGT: SCORE 57.5/100 (technical=30.5/40, positioning=11.0/20, sentiment=10.0/15, news=3.6/15, fundamental=7.3/10 as_of=2026-08-31) modifiers(regime=-5.0, macro=+0.0, sector_rotation=+0.0, earnings=+0.0, cross_ticker=+0.0, seasonality=+0.0, total=-5.0) direction=bullish qualifies=no
2026-09-03 14:26:29,057 [shared.api_clients.sentiment_client] INFO — StockTwits: fetched 30 messages for MCD.
2026-09-03 14:26:32,819 [shared.api_clients.sentiment_client] INFO — Seeking Alpha: fetched 10 engagement items for MCD.
2026-09-03 14:26:32,894 [__main__] INFO — MCD: ACTIVE EVENT (trigger='guidance cut') — signal still logged, flagged for review
2026-09-03 14:26:32,894 [__main__] INFO — MCD: SCORE 43.5/100 (technical=10.3/40, positioning=12.5/20, sentiment=9.6/15, news=8.7/15, fundamental=7.3/10 as_of=2026-09-02) modifiers(regime=-5.0, macro=+0.0, sector_rotation=+0.0, earnings=+0.0, cross_ticker=+0.0, seasonality=+0.0, total=-5.0) direction=bullish qualifies=no
2026-09-03 14:26:33,552 [shared.api_clients.sentiment_client] INFO — StockTwits: fetched 30 messages for BKNG.
2026-09-03 14:26:36,040 [shared.api_clients.sentiment_client] INFO — Seeking Alpha: fetched 10 engagement items for BKNG.
2026-09-03 14:26:36,111 [__main__] INFO — BKNG: ACTIVE EVENT (trigger='guidance cut') — signal still logged, flagged for review
2026-09-03 14:26:36,111 [__main__] INFO — BKNG: SCORE 46.0/100 (technical=16.7/40, positioning=15.3/20, sentiment=3.1/15, news=9.0/15, fundamental=6.9/10 as_of=2026-08-26) modifiers(regime=-5.0, macro=+0.0, sector_rotation=+0.0, earnings=+0.0, cross_ticker=+0.0, seasonality=+0.0, total=-5.0) direction=bullish qualifies=no
2026-09-03 14:26:36,749 [shared.api_clients.sentiment_client] INFO — StockTwits: fetched 30 messages for TJX.
2026-09-03 14:26:40,069 [shared.api_clients.sentiment_client] INFO — Seeking Alpha: fetched 10 engagement items for TJX.
2026-09-03 14:26:40,148 [__main__] INFO — TJX: ACTIVE EVENT (trigger='guidance cut') — signal still logged, flagged for review
2026-09-03 14:26:40,148 [__main__] INFO — TJX: SCORE 27.9/100 (technical=7.2/40, positioning=5.0/20, sentiment=10.0/15, news=4.8/15, fundamental=5.8/10 as_of=2026-08-26) modifiers(regime=-5.0, macro=+0.0, sector_rotation=+0.0, earnings=+0.0, cross_ticker=+0.0, seasonality=+0.0, total=-5.0) direction=bullish qualifies=no
2026-09-03 14:26:40,724 [shared.api_clients.sentiment_client] INFO — StockTwits: fetched 30 messages for LOW.
2026-09-03 14:26:42,941 [shared.api_clients.sentiment_client] INFO — Seeking Alpha: fetched 10 engagement items for LOW.
2026-09-03 14:26:43,011 [__main__] INFO — LOW: ACTIVE EVENT (trigger='guidance cut') — signal still logged, flagged for review
2026-09-03 14:26:43,011 [__main__] INFO — LOW: SCORE 37.6/100 (technical=8.8/40, positioning=8.9/20, sentiment=8.0/15, news=9.0/15, fundamental=8.0/10 as_of=2026-09-03) modifiers(regime=-5.0, macro=+0.0, sector_rotation=+0.0, earnings=+0.0, cross_ticker=+0.0, seasonality=+0.0, total=-5.0) direction=bullish qualifies=no
2026-09-03 14:26:43,734 [shared.api_clients.sentiment_client] INFO — StockTwits: fetched 30 messages for ORLY.
2026-09-03 14:26:46,122 [shared.api_clients.sentiment_client] INFO — Seeking Alpha: fetched 10 engagement items for ORLY.
2026-09-03 14:26:46,194 [__main__] INFO — ORLY: ACTIVE EVENT (trigger='guidance cut') — signal still logged, flagged for review
2026-09-03 14:26:46,194 [__main__] INFO — ORLY: SCORE 30.7/100 (technical=9.1/40, positioning=5.0/20, sentiment=9.0/15, news=8.6/15, fundamental=4.0/10 as_of=2026-09-02) modifiers(regime=-5.0, macro=+0.0, sector_rotation=+0.0, earnings=+0.0, cross_ticker=+0.0, seasonality=+0.0, total=-5.0) direction=bullish qualifies=no
2026-09-03 14:26:46,248 [__main__] INFO — semiconductors: rank-track already filled its 2 slot(s) for 2026-09-03 in an earlier scan — no further picks today
2026-09-03 14:26:46,248 [__main__] INFO — regional_banks: rank-track already filled its 2 slot(s) for 2026-09-03 in an earlier scan — no further picks today
2026-09-03 14:26:46,248 [__main__] INFO — healthcare: rank-track already filled its 2 slot(s) for 2026-09-03 in an earlier scan — no further picks today
2026-09-03 14:26:46,249 [__main__] INFO — consumer_discretionary: rank-track already filled its 2 slot(s) for 2026-09-03 in an earlier scan — no further picks today
2026-09-03 14:26:46,250 [__main__] INFO — Paper scan complete — 0 new signals logged to paper_trading\paper_trades.csv
Done — 0 paper signal(s) logged.
