2026-07-20 05:30:01,384 [swing_model.indicator_pipeline] INFO — [pre_market] Fetching OHLCV for: ['NVDA', 'AMD', 'AVGO', 'TSM', 'MU', 'ASML', 'SMH']
2026-07-20 05:30:01,843 [swing_model.indicator_pipeline] INFO — NVDA: indicators computed (close=202.81, rsi=48.2, atr=7.48)
2026-07-20 05:30:01,847 [swing_model.indicator_pipeline] INFO — AMD: indicators computed (close=495.76, rsi=46.1, atr=37.71)
2026-07-20 05:30:01,852 [swing_model.indicator_pipeline] INFO — AVGO: indicators computed (close=370.83, rsi=43.9, atr=17.35)
2026-07-20 05:30:01,857 [swing_model.indicator_pipeline] INFO — TSM: indicators computed (close=398.37, rsi=39.2, atr=19.20)
2026-07-20 05:30:01,862 [swing_model.indicator_pipeline] INFO — MU: indicators computed (close=848.95, rsi=41.0, atr=85.56)
2026-07-20 05:30:01,866 [swing_model.indicator_pipeline] INFO — ASML: indicators computed (close=1747.58, rsi=48.0, atr=88.01)
2026-07-20 05:30:01,867 [swing_model.indicator_pipeline] INFO — Loading cached fundamental data (last_updated: 2026-07-06T23:36:55.801243+00:00)
2026-07-20 05:30:01,870 [swing_model.indicator_pipeline] INFO — Fetching positioning data for: ['NVDA', 'AMD', 'AVGO', 'TSM', 'MU', 'ASML']
2026-07-20 05:30:02,383 [swing_model.indicator_pipeline] INFO —   NVDA: positioning data fetched OK
2026-07-20 05:30:02,979 [swing_model.indicator_pipeline] INFO —   AMD: positioning data fetched OK
2026-07-20 05:30:03,496 [swing_model.indicator_pipeline] INFO —   AVGO: positioning data fetched OK
2026-07-20 05:30:04,090 [swing_model.indicator_pipeline] INFO —   TSM: positioning data fetched OK
2026-07-20 05:30:04,706 [swing_model.indicator_pipeline] INFO —   MU: positioning data fetched OK
2026-07-20 05:30:05,295 [swing_model.indicator_pipeline] INFO —   ASML: positioning data fetched OK
2026-07-20 05:30:05,312 [swing_model.indicator_pipeline] INFO — positioning_state.json updated.
2026-07-20 05:30:05,312 [swing_model.indicator_pipeline] INFO — Pipeline complete: 6/6 tickers processed successfully.
2026-07-20 05:30:05,312 [swing_model.indicator_pipeline] INFO — [pre_market] Fetching OHLCV for: ['ZION', 'KEY', 'HBAN', 'RF', 'FITB', 'KRE']
2026-07-20 05:30:05,588 [swing_model.indicator_pipeline] INFO — ZION: indicators computed (close=72.27, rsi=65.2, atr=1.53)
2026-07-20 05:30:05,592 [swing_model.indicator_pipeline] INFO — KEY: indicators computed (close=23.55, rsi=58.9, atr=0.47)
2026-07-20 05:30:05,597 [swing_model.indicator_pipeline] INFO — HBAN: indicators computed (close=18.25, rsi=61.8, atr=0.40)
2026-07-20 05:30:05,601 [swing_model.indicator_pipeline] INFO — RF: indicators computed (close=31.65, rsi=64.1, atr=0.71)
2026-07-20 05:30:05,606 [swing_model.indicator_pipeline] INFO — FITB: indicators computed (close=58.01, rsi=62.5, atr=1.45)
2026-07-20 05:30:05,607 [swing_model.indicator_pipeline] INFO — Loading cached fundamental data (last_updated: 2026-07-06T23:36:55.801243+00:00)
2026-07-20 05:30:05,608 [swing_model.indicator_pipeline] INFO — Loading cached positioning data (last_updated: 2026-07-20T12:30:05.295814+00:00)
2026-07-20 05:30:05,608 [swing_model.indicator_pipeline] INFO — Pipeline complete: 5/5 tickers processed successfully.
2026-07-20 05:30:07,025 [shared.api_clients.sentiment_client] INFO — StockTwits: fetched 30 messages for NVDA.
2026-07-20 05:30:09,238 [shared.api_clients.sentiment_client] INFO — Seeking Alpha: fetched 10 engagement items for NVDA.
2026-07-20 05:30:09,492 [shared.api_clients.news_client] INFO — Yahoo Finance: fetched 10 articles for NVDA.
2026-07-20 05:30:09,871 [shared.api_clients.news_client] INFO — Finnhub: fetched 250 articles for NVDA.
2026-07-20 05:30:10,048 [__main__] INFO — NVDA: SCORE 30.3/100 (technical=20.7/40, positioning=9.3/20, sentiment=1.9/15, news=8.1/15, fundamental=9.3/10) modifiers(regime=-5.0, macro=+0.0, sector_rotation=-15.0, earnings=+0.0, cross_ticker=+0.0, seasonality=+1.0, total=-19.0) direction=bullish qualifies=no
2026-07-20 05:30:10,048 [__main__] INFO — NVDA: NOTE — regime (-5.0) and sector_rotation (-15.0) are both negative and both derived from SMH price action — likely the same underlying weakness counted twice, not two independent signals
2026-07-20 05:30:10,597 [shared.api_clients.sentiment_client] INFO — StockTwits: fetched 30 messages for AMD.
2026-07-20 05:30:12,839 [shared.api_clients.sentiment_client] INFO — Seeking Alpha: fetched 10 engagement items for AMD.
2026-07-20 05:30:12,995 [shared.api_clients.news_client] INFO — Yahoo Finance: fetched 10 articles for AMD.
2026-07-20 05:30:13,335 [shared.api_clients.news_client] INFO — Finnhub: fetched 249 articles for AMD.
2026-07-20 05:30:13,389 [__main__] INFO — AMD: SCORE 18.8/100 (technical=16.2/40, positioning=12.6/20, sentiment=3.4/15, news=8.0/15, fundamental=2.7/10) modifiers(regime=-5.0, macro=+0.0, sector_rotation=-15.0, earnings=-5.0, cross_ticker=+0.0, seasonality=+1.0, total=-24.0) direction=bullish qualifies=no
2026-07-20 05:30:13,389 [__main__] INFO — AMD: NOTE — regime (-5.0) and sector_rotation (-15.0) are both negative and both derived from SMH price action — likely the same underlying weakness counted twice, not two independent signals
2026-07-20 05:30:14,112 [shared.api_clients.sentiment_client] INFO — StockTwits: fetched 30 messages for AVGO.
2026-07-20 05:30:16,036 [shared.api_clients.sentiment_client] INFO — Seeking Alpha: fetched 10 engagement items for AVGO.
2026-07-20 05:30:16,222 [shared.api_clients.news_client] INFO — Yahoo Finance: fetched 10 articles for AVGO.
2026-07-20 05:30:16,842 [shared.api_clients.news_client] INFO — Finnhub: fetched 176 articles for AVGO.
2026-07-20 05:30:16,899 [__main__] INFO — AVGO: SCORE 22.4/100 (technical=16.6/40, positioning=7.6/20, sentiment=2.7/15, news=7.2/15, fundamental=7.3/10) modifiers(regime=-5.0, macro=+0.0, sector_rotation=-15.0, earnings=+0.0, cross_ticker=+0.0, seasonality=+1.0, total=-19.0) direction=bullish qualifies=no
2026-07-20 05:30:16,899 [__main__] INFO — AVGO: NOTE — regime (-5.0) and sector_rotation (-15.0) are both negative and both derived from SMH price action — likely the same underlying weakness counted twice, not two independent signals
2026-07-20 05:30:17,831 [shared.api_clients.sentiment_client] INFO — StockTwits: fetched 30 messages for TSM.
2026-07-20 05:30:19,544 [shared.api_clients.sentiment_client] INFO — Seeking Alpha: fetched 10 engagement items for TSM.
2026-07-20 05:30:19,676 [shared.api_clients.news_client] INFO — Yahoo Finance: fetched 10 articles for TSM.
2026-07-20 05:30:20,279 [shared.api_clients.news_client] INFO — Finnhub: fetched 85 articles for TSM.
2026-07-20 05:30:20,335 [__main__] INFO — TSM: SCORE 29.2/100 (technical=16.9/40, positioning=8.4/20, sentiment=4.9/15, news=9.4/15, fundamental=8.7/10) modifiers(regime=-5.0, macro=+0.0, sector_rotation=-15.0, earnings=+0.0, cross_ticker=+0.0, seasonality=+1.0, total=-19.0) direction=bullish qualifies=no
2026-07-20 05:30:20,335 [__main__] INFO — TSM: NOTE — regime (-5.0) and sector_rotation (-15.0) are both negative and both derived from SMH price action — likely the same underlying weakness counted twice, not two independent signals
2026-07-20 05:30:21,098 [shared.api_clients.sentiment_client] INFO — StockTwits: fetched 30 messages for MU.
2026-07-20 05:30:23,413 [shared.api_clients.sentiment_client] INFO — Seeking Alpha: fetched 10 engagement items for MU.
2026-07-20 05:30:23,594 [shared.api_clients.news_client] INFO — Yahoo Finance: fetched 10 articles for MU.
2026-07-20 05:30:24,340 [shared.api_clients.news_client] INFO — Finnhub: fetched 246 articles for MU.
2026-07-20 05:30:24,395 [__main__] INFO — MU: SCORE 27.4/100 (technical=13.0/40, positioning=11.2/20, sentiment=5.6/15, news=6.7/15, fundamental=10.0/10) modifiers(regime=-5.0, macro=+0.0, sector_rotation=-15.0, earnings=+0.0, cross_ticker=+0.0, seasonality=+1.0, total=-19.0) direction=bullish qualifies=no
2026-07-20 05:30:24,395 [__main__] INFO — MU: NOTE — regime (-5.0) and sector_rotation (-15.0) are both negative and both derived from SMH price action — likely the same underlying weakness counted twice, not two independent signals
2026-07-20 05:30:25,034 [shared.api_clients.sentiment_client] INFO — StockTwits: fetched 30 messages for ASML.
2026-07-20 05:30:29,863 [shared.api_clients.sentiment_client] INFO — Seeking Alpha: fetched 10 engagement items for ASML.
2026-07-20 05:30:30,031 [shared.api_clients.news_client] INFO — Yahoo Finance: fetched 10 articles for ASML.
2026-07-20 05:30:30,386 [shared.api_clients.news_client] INFO — Finnhub: fetched 195 articles for ASML.
2026-07-20 05:30:30,439 [__main__] INFO — ASML: SCORE 30.9/100 (technical=22.9/40, positioning=9.3/20, sentiment=1.6/15, news=10.0/15, fundamental=6.0/10) modifiers(regime=-5.0, macro=+0.0, sector_rotation=-15.0, earnings=+0.0, cross_ticker=+0.0, seasonality=+1.0, total=-19.0) direction=bullish qualifies=no
2026-07-20 05:30:30,439 [__main__] INFO — ASML: NOTE — regime (-5.0) and sector_rotation (-15.0) are both negative and both derived from SMH price action — likely the same underlying weakness counted twice, not two independent signals
2026-07-20 05:30:31,118 [shared.api_clients.sentiment_client] INFO — StockTwits: fetched 30 messages for ZION.
2026-07-20 05:30:32,724 [shared.api_clients.sentiment_client] INFO — Seeking Alpha: fetched 10 engagement items for ZION.
2026-07-20 05:30:32,894 [shared.api_clients.news_client] INFO — Yahoo Finance: fetched 10 articles for ZION.
2026-07-20 05:30:33,539 [shared.api_clients.news_client] INFO — Finnhub: fetched 8 articles for ZION.
2026-07-20 05:30:33,594 [__main__] INFO — ZION: SCORE 22.7/100 (technical=23.7/40, positioning=0.0/20, sentiment=6.0/15, news=2.0/15, fundamental=0.0/10) modifiers(regime=+5.0, macro=+0.0, sector_rotation=+5.0, earnings=-20.0, cross_ticker=+0.0, seasonality=+1.0, total=-9.0) direction=bullish qualifies=no
2026-07-20 05:30:34,269 [shared.api_clients.sentiment_client] INFO — StockTwits: fetched 30 messages for KEY.
2026-07-20 05:30:39,164 [shared.api_clients.sentiment_client] INFO — Seeking Alpha: fetched 10 engagement items for KEY.
2026-07-20 05:30:39,341 [shared.api_clients.news_client] INFO — Yahoo Finance: fetched 10 articles for KEY.
2026-07-20 05:30:39,678 [shared.api_clients.news_client] INFO — Finnhub: fetched 15 articles for KEY.
2026-07-20 05:30:39,728 [__main__] INFO — KEY: SCORE 43.3/100 (technical=22.6/40, positioning=0.0/20, sentiment=6.6/15, news=3.0/15, fundamental=0.0/10) modifiers(regime=+5.0, macro=+0.0, sector_rotation=+5.0, earnings=+0.0, cross_ticker=+0.0, seasonality=+1.0, total=+11.0) direction=bullish qualifies=no
2026-07-20 05:30:40,436 [shared.api_clients.sentiment_client] INFO — StockTwits: fetched 30 messages for HBAN.
2026-07-20 05:30:42,094 [shared.api_clients.sentiment_client] INFO — Seeking Alpha: fetched 10 engagement items for HBAN.
2026-07-20 05:30:42,252 [shared.api_clients.news_client] INFO — Yahoo Finance: fetched 10 articles for HBAN.
2026-07-20 05:30:42,769 [shared.api_clients.news_client] INFO — Finnhub: fetched 5 articles for HBAN.
2026-07-20 05:30:42,822 [__main__] INFO — HBAN: SCORE 24.0/100 (technical=27.9/40, positioning=0.0/20, sentiment=5.0/15, news=0.0/15, fundamental=0.0/10) modifiers(regime=+5.0, macro=+0.0, sector_rotation=+5.0, earnings=-20.0, cross_ticker=+0.0, seasonality=+1.0, total=-9.0) direction=bullish qualifies=no
2026-07-20 05:30:43,825 [shared.api_clients.sentiment_client] INFO — StockTwits: fetched 30 messages for RF.
2026-07-20 05:30:45,391 [shared.api_clients.sentiment_client] INFO — Seeking Alpha: fetched 10 engagement items for RF.
2026-07-20 05:30:45,518 [shared.api_clients.news_client] INFO — Yahoo Finance: fetched 10 articles for RF.
2026-07-20 05:30:45,837 [shared.api_clients.news_client] INFO — Finnhub: fetched 40 articles for RF.
2026-07-20 05:30:45,887 [__main__] INFO — RF: SCORE 61.1/100 (technical=29.1/40, positioning=0.0/20, sentiment=10.5/15, news=10.6/15, fundamental=0.0/10) modifiers(regime=+5.0, macro=+0.0, sector_rotation=+5.0, earnings=+0.0, cross_ticker=+0.0, seasonality=+1.0, total=+11.0) direction=bullish qualifies=no
2026-07-20 05:30:46,905 [shared.api_clients.sentiment_client] INFO — StockTwits: fetched 30 messages for FITB.
2026-07-20 05:30:48,492 [shared.api_clients.sentiment_client] INFO — Seeking Alpha: fetched 10 engagement items for FITB.
2026-07-20 05:30:48,656 [shared.api_clients.news_client] INFO — Yahoo Finance: fetched 10 articles for FITB.
2026-07-20 05:30:49,163 [shared.api_clients.news_client] INFO — Finnhub: fetched 38 articles for FITB.
2026-07-20 05:30:49,214 [__main__] INFO — FITB: SCORE 45.6/100 (technical=26.3/40, positioning=0.0/20, sentiment=6.0/15, news=2.3/15, fundamental=0.0/10) modifiers(regime=+5.0, macro=+0.0, sector_rotation=+5.0, earnings=+0.0, cross_ticker=+0.0, seasonality=+1.0, total=+11.0) direction=bullish qualifies=no
2026-07-20 05:30:49,267 [__main__] INFO — Paper scan complete — 0 new signals logged to paper_trading\paper_trades.csv
Done — 0 paper signal(s) logged.
